Component: ARM Compiler 5.06 (build 20) Tool: armlink [4d35a3]

==============================================================================

Section Cross References

    main.o(i.main) refers to delay.o(i.SysTick_Init) for SysTick_Init
    main.o(i.main) refers to led.o(i.Led_Init) for Led_Init
    main.o(i.main) refers to uart.o(i.Uart1_Init) for Uart1_Init
    main.o(i.main) refers to uart.o(i.Uart2_Init) for Uart2_Init
    main.o(i.main) refers to uart.o(i.Uart3_Init) for Uart3_Init
    main.o(i.main) refers to delay.o(i.Delay_us) for Delay_us
    main.o(i.main) refers to stm32f10x_usart.o(i.USART_ClearFlag) for USART_ClearFlag
    main.o(i.main) refers to uart.o(i.USART1_Puts) for USART1_Puts
    main.o(i.main) refers to uart.o(i.USART3_Puts) for USART3_Puts
    main.o(i.main) refers to key.o(i.KEY_Init) for KEY_Init
    main.o(i.main) refers to flash.o(i.SPI_Flash_Init) for SPI_Flash_Init
    main.o(i.main) refers to dht11.o(i.DHT11_Init) for DHT11_Init
    main.o(i.main) refers to ds18b20.o(i.DS18B20_Init) for DS18B20_Init
    main.o(i.main) refers to stm32f10x_gpio.o(i.GPIO_SetBits) for GPIO_SetBits
    main.o(i.main) refers to soil.o(i.Soil_Moisture_Init) for Soil_Moisture_Init
    main.o(i.main) refers to bh1750.o(i.HB1750_Init) for HB1750_Init
    main.o(i.main) refers to co2.o(i.Co2_Init) for Co2_Init
    main.o(i.main) refers to pwm.o(i.Pwm_Init) for Pwm_Init
    main.o(i.main) refers to printf2.o(i.__0printf$2) for __2printf
    main.o(i.main) refers to stm32f10x_gpio.o(i.GPIO_ResetBits) for GPIO_ResetBits
    main.o(i.main) refers to flash.o(i.SPI_Flash_ReadID) for SPI_Flash_ReadID
    main.o(i.main) refers to ds18b20.o(i.DS18B20_Read) for DS18B20_Read
    main.o(i.main) refers to dht11.o(i.DHT11_Read_Data) for DHT11_Read_Data
    main.o(i.main) refers to soil.o(i.Soil_Moisture_Read) for Soil_Moisture_Read
    main.o(i.main) refers to bh1750.o(i.HB1750_Read_Data) for HB1750_Read_Data
    main.o(i.main) refers to co2.o(i.Co2_Read) for Co2_Read
    main.o(i.main) refers to fmul.o(.text) for __aeabi_fmul
    main.o(i.main) refers to ffixi.o(.text) for __aeabi_f2iz
    main.o(i.main) refers to fadd.o(.text) for __aeabi_fadd
    main.o(i.main) refers to fdiv.o(.text) for __aeabi_fdiv
    main.o(i.main) refers to memseta.o(.text) for __aeabi_memclr
    main.o(i.main) refers to memcpya.o(.text) for __aeabi_memcpy
    main.o(i.main) refers to uart.o(i.USART3_PutData) for USART3_PutData
    main.o(i.main) refers to stm32f10x_tim.o(i.TIM_SetCompare4) for TIM_SetCompare4
    main.o(i.main) refers to stm32f10x_tim.o(i.TIM_SetCompare2) for TIM_SetCompare2
    main.o(i.main) refers to flash.o(i.SPI_Flash_Write) for SPI_Flash_Write
    main.o(i.main) refers to uart.o(.data) for Uart3Sta
    main.o(i.main) refers to uart.o(.bss) for Uart3Buff
    led.o(i.Led_Init) refers to stm32f10x_rcc.o(i.RCC_APB2PeriphClockCmd) for RCC_APB2PeriphClockCmd
    led.o(i.Led_Init) refers to stm32f10x_gpio.o(i.GPIO_Init) for GPIO_Init
    led.o(i.Led_Init) refers to stm32f10x_gpio.o(i.GPIO_SetBits) for GPIO_SetBits
    led.o(i.Led_Init) refers to stm32f10x_gpio.o(i.GPIO_ResetBits) for GPIO_ResetBits
    uart.o(i.USART1_IRQHandler) refers to stm32f10x_usart.o(i.USART_GetFlagStatus) for USART_GetFlagStatus
    uart.o(i.USART1_IRQHandler) refers to stm32f10x_usart.o(i.USART_ClearITPendingBit) for USART_ClearITPendingBit
    uart.o(i.USART1_IRQHandler) refers to stm32f10x_usart.o(i.USART_ReceiveData) for USART_ReceiveData
    uart.o(i.USART1_IRQHandler) refers to printf2.o(i.__0printf$2) for __2printf
    uart.o(i.USART1_IRQHandler) refers to stm32f10x_usart.o(i.USART_SendData) for USART_SendData
    uart.o(i.USART1_IRQHandler) refers to uart.o(i.USART1_Puts) for USART1_Puts
    uart.o(i.USART1_Putchar) refers to stm32f10x_usart.o(i.USART_SendData) for USART_SendData
    uart.o(i.USART1_Putchar) refers to stm32f10x_usart.o(i.USART_GetFlagStatus) for USART_GetFlagStatus
    uart.o(i.USART1_Puts) refers to stm32f10x_usart.o(i.USART_SendData) for USART_SendData
    uart.o(i.USART1_Puts) refers to stm32f10x_usart.o(i.USART_GetFlagStatus) for USART_GetFlagStatus
    uart.o(i.USART2_IRQHandler) refers to stm32f10x_usart.o(i.USART_GetITStatus) for USART_GetITStatus
    uart.o(i.USART2_IRQHandler) refers to stm32f10x_usart.o(i.USART_ClearITPendingBit) for USART_ClearITPendingBit
    uart.o(i.USART2_IRQHandler) refers to stm32f10x_usart.o(i.USART_ReceiveData) for USART_ReceiveData
    uart.o(i.USART2_IRQHandler) refers to stm32f10x_usart.o(i.USART_GetFlagStatus) for USART_GetFlagStatus
    uart.o(i.USART2_IRQHandler) refers to stm32f10x_usart.o(i.USART_ClearFlag) for USART_ClearFlag
    uart.o(i.USART2_IRQHandler) refers to uart.o(.bss) for Uart2Buffer
    uart.o(i.USART2_IRQHandler) refers to uart.o(.data) for Uart2Rear
    uart.o(i.USART2_Putchar) refers to stm32f10x_usart.o(i.USART_SendData) for USART_SendData
    uart.o(i.USART2_Putchar) refers to stm32f10x_usart.o(i.USART_GetFlagStatus) for USART_GetFlagStatus
[...]
    Removing stm32f10x_tim.o(i.TIM_SelectInputTrigger), (18 bytes).
    Removing stm32f10x_tim.o(i.TIM_SelectMasterSlaveMode), (18 bytes).
    Removing stm32f10x_tim.o(i.TIM_SelectOCxM), (82 bytes).
    Removing stm32f10x_tim.o(i.TIM_SelectOnePulseMode), (18 bytes).
    Removing stm32f10x_tim.o(i.TIM_SelectOutputTrigger), (18 bytes).
    Removing stm32f10x_tim.o(i.TIM_SelectSlaveMode), (18 bytes).
    Removing stm32f10x_tim.o(i.TIM_SetAutoreload), (4 bytes).
    Removing stm32f10x_tim.o(i.TIM_SetClockDivision), (18 bytes).
    Removing stm32f10x_tim.o(i.TIM_SetCompare1), (4 bytes).
    Removing stm32f10x_tim.o(i.TIM_SetCompare3), (4 bytes).
    Removing stm32f10x_tim.o(i.TIM_SetCounter), (4 bytes).
    Removing stm32f10x_tim.o(i.TIM_SetIC1Prescaler), (18 bytes).
    Removing stm32f10x_tim.o(i.TIM_SetIC2Prescaler), (26 bytes).
    Removing stm32f10x_tim.o(i.TIM_SetIC3Prescaler), (18 bytes).
    Removing stm32f10x_tim.o(i.TIM_SetIC4Prescaler), (26 bytes).
    Removing stm32f10x_tim.o(i.TIM_TIxExternalClockConfig), (62 bytes).
    Removing stm32f10x_tim.o(i.TIM_TimeBaseStructInit), (18 bytes).
    Removing stm32f10x_tim.o(i.TIM_UpdateDisableConfig), (24 bytes).
    Removing stm32f10x_tim.o(i.TIM_UpdateRequestConfig), (24 bytes).
    Removing stm32f10x_dma.o(.rev16_text), (4 bytes).
    Removing stm32f10x_dma.o(.revsh_text), (4 bytes).
    Removing stm32f10x_dma.o(.rrx_text), (6 bytes).
    Removing stm32f10x_dma.o(i.DMA_ClearFlag), (28 bytes).
    Removing stm32f10x_dma.o(i.DMA_ClearITPendingBit), (28 bytes).
    Removing stm32f10x_dma.o(i.DMA_GetCurrDataCounter), (8 bytes).
    Removing stm32f10x_dma.o(i.DMA_GetFlagStatus), (44 bytes).
    Removing stm32f10x_dma.o(i.DMA_GetITStatus), (44 bytes).
    Removing stm32f10x_dma.o(i.DMA_ITConfig), (18 bytes).
    Removing stm32f10x_dma.o(i.DMA_SetCurrDataCounter), (4 bytes).
    Removing stm32f10x_dma.o(i.DMA_StructInit), (26 bytes).
    Removing stm32f10x_adc.o(.rev16_text), (4 bytes).
    Removing stm32f10x_adc.o(.revsh_text), (4 bytes).
    Removing stm32f10x_adc.o(.rrx_text), (6 bytes).
    Removing stm32f10x_adc.o(i.ADC_AnalogWatchdogCmd), (20 bytes).
    Removing stm32f10x_adc.o(i.ADC_AnalogWatchdogSingleChannelConfig), (16 bytes).
    Removing stm32f10x_adc.o(i.ADC_AnalogWatchdogThresholdsConfig), (6 bytes).
    Removing stm32f10x_adc.o(i.ADC_AutoInjectedConvCmd), (22 bytes).
    Removing stm32f10x_adc.o(i.ADC_ClearFlag), (6 bytes).
    Removing stm32f10x_adc.o(i.ADC_ClearITPendingBit), (10 bytes).
    Removing stm32f10x_adc.o(i.ADC_DeInit), (92 bytes).
    Removing stm32f10x_adc.o(i.ADC_DiscModeChannelCountConfig), (24 bytes).
    Removing stm32f10x_adc.o(i.ADC_DiscModeCmd), (22 bytes).
    Removing stm32f10x_adc.o(i.ADC_ExternalTrigConvCmd), (22 bytes).
    Removing stm32f10x_adc.o(i.ADC_ExternalTrigInjectedConvCmd), (22 bytes).
    Removing stm32f10x_adc.o(i.ADC_ExternalTrigInjectedConvConfig), (16 bytes).
    Removing stm32f10x_adc.o(i.ADC_GetConversionValue), (8 bytes).
    Removing stm32f10x_adc.o(i.ADC_GetDualModeConversionValue), (12 bytes).
    Removing stm32f10x_adc.o(i.ADC_GetFlagStatus), (18 bytes).
    Removing stm32f10x_adc.o(i.ADC_GetITStatus), (36 bytes).
    Removing stm32f10x_adc.o(i.ADC_GetInjectedConversionValue), (28 bytes).
    Removing stm32f10x_adc.o(i.ADC_GetSoftwareStartConvStatus), (20 bytes).
    Removing stm32f10x_adc.o(i.ADC_GetSoftwareStartInjectedConvCmdStatus), (20 bytes).
    Removing stm32f10x_adc.o(i.ADC_ITConfig), (24 bytes).
    Removing stm32f10x_adc.o(i.ADC_InjectedChannelConfig), (130 bytes).
    Removing stm32f10x_adc.o(i.ADC_InjectedDiscModeCmd), (22 bytes).
    Removing stm32f10x_adc.o(i.ADC_InjectedSequencerLengthConfig), (24 bytes).
    Removing stm32f10x_adc.o(i.ADC_SetInjectedOffset), (20 bytes).
    Removing stm32f10x_adc.o(i.ADC_SoftwareStartInjectedConvCmd), (22 bytes).
    Removing stm32f10x_adc.o(i.ADC_StructInit), (18 bytes).
    Removing stm32f10x_adc.o(i.ADC_TempSensorVrefintCmd), (36 bytes).
    Removing dadd.o(.text), (334 bytes).
    Removing dfixul.o(.text), (48 bytes).
    Removing cdrcmple.o(.text), (48 bytes).

312 unused section(s) (total 9777 bytes) removed from the image.

==============================================================================

Image Symbol Table

    Local Symbols

    Symbol Name                              Value     Ov Type        Size  Object(Section)

    ../clib/microlib/division.c              0x00000000   Number         0  uidiv.o ABSOLUTE
    ../clib/microlib/division.c              0x00000000   Number         0  uldiv.o ABSOLUTE
    ../clib/microlib/init/entry.s            0x00000000   Number         0  entry7b.o ABSOLUTE
    ../clib/microlib/init/entry.s            0x00000000   Number         0  entry5.o ABSOLUTE
    ../clib/microlib/init/entry.s            0x00000000   Number         0  entry9a.o ABSOLUTE
    ../clib/microlib/init/entry.s            0x00000000   Number         0  entry11a.o ABSOLUTE
    ../clib/microlib/init/entry.s            0x00000000   Number         0  entry8b.o ABSOLUTE
    ../clib/microlib/init/entry.s            0x00000000   Number         0  entry8a.o ABSOLUTE
    ../clib/microlib/init/entry.s            0x00000000   Number         0  entry.o ABSOLUTE
    ../clib/microlib/init/entry.s            0x00000000   Number         0  entry2.o ABSOLUTE
    ../clib/microlib/init/entry.s            0x00000000   Number         0  entry7a.o ABSOLUTE
    ../clib/microlib/init/entry.s            0x00000000   Number         0  entry9b.o ABSOLUTE
    ../clib/microlib/init/entry.s            0x00000000   Number         0  entry10a.o ABSOLUTE
    ../clib/microlib/init/entry.s            0x00000000   Number         0  entry10b.o ABSOLUTE
    ../clib/microlib/init/entry.s            0x00000000   Number         0  entry11b.o ABSOLUTE
    ../clib/microlib/longlong.c              0x00000000   Number         0  llushr.o ABSOLUTE
    ../clib/microlib/longlong.c              0x00000000   Number         0  llshl.o ABSOLUTE
    ../clib/microlib/longlong.c              0x00000000   Number         0  llsshr.o ABSOLUTE
    ../clib/microlib/printf/printf.c         0x00000000   Number         0  printf8.o ABSOLUTE
    ../clib/microlib/printf/printf.c         0x00000000   Number         0  printf2.o ABSOLUTE
    ../clib/microlib/printf/printf.c         0x00000000   Number         0  printf1.o ABSOLUTE
    ../clib/microlib/printf/printf.c         0x00000000   Number         0  printf0.o ABSOLUTE
    ../clib/microlib/printf/printf.c         0x00000000   Number         0  printfb.o ABSOLUTE
    ../clib/microlib/printf/printf.c         0x00000000   Number         0  printf5.o ABSOLUTE
    ../clib/microlib/printf/printf.c         0x00000000   Number         0  printf7.o ABSOLUTE
    ../clib/microlib/printf/printf.c         0x00000000   Number         0  printf6.o ABSOLUTE
    ../clib/microlib/printf/printf.c         0x00000000   Number         0  printf4.o ABSOLUTE
    ../clib/microlib/printf/printf.c         0x00000000   Number         0  printf3.o ABSOLUTE
    ../clib/microlib/printf/printf.c         0x00000000   Number         0  printfa.o ABSOLUTE
    ../clib/microlib/printf/stubs.s          0x00000000   Number         0  stubs.o ABSOLUTE
    ../clib/microlib/stdio/streams.c         0x00000000   Number         0  stdout.o ABSOLUTE
    ../clib/microlib/string/memcpy.c         0x00000000   Number         0  memcpyb.o ABSOLUTE
    ../clib/microlib/string/memcpy.c         0x00000000   Number         0  memcpya.o ABSOLUTE
    ../clib/microlib/string/memset.c         0x00000000   Number         0  memseta.o ABSOLUTE
    ../clib/microlib/stubs.s                 0x00000000   Number         0  iusefp.o ABSOLUTE
    ../fplib/microlib/d2f.c                  0x00000000   Number         0  d2f.o ABSOLUTE
    ../fplib/microlib/f2d.c                  0x00000000   Number         0  f2d.o ABSOLUTE
    ../fplib/microlib/fpadd.c                0x00000000   Number         0  fadd.o ABSOLUTE
    ../fplib/microlib/fpadd.c                0x00000000   Number         0  dadd.o ABSOLUTE
    ../fplib/microlib/fpdiv.c                0x00000000   Number         0  fdiv.o ABSOLUTE
    ../fplib/microlib/fpdiv.c                0x00000000   Number         0  ddiv.o ABSOLUTE
    ../fplib/microlib/fpepilogue.c           0x00000000   Number         0  fepilogue.o ABSOLUTE
    ../fplib/microlib/fpepilogue.c           0x00000000   Number         0  depilogue.o ABSOLUTE
    ../fplib/microlib/fpfix.c                0x00000000   Number         0  dfixul.o ABSOLUTE
    ../fplib/microlib/fpfix.c                0x00000000   Number         0  ffixi.o ABSOLUTE
    ../fplib/microlib/fpflt.c                0x00000000   Number         0  fflti.o ABSOLUTE
    ../fplib/microlib/fpflt.c                0x00000000   Number         0  ffltui.o ABSOLUTE
    ../fplib/microlib/fpflt.c                0x00000000   Number         0  dfltui.o ABSOLUTE
    ../fplib/microlib/fpmul.c                0x00000000   Number         0  dmul.o ABSOLUTE
    ../fplib/microlib/fpmul.c                0x00000000   Number         0  fmul.o ABSOLUTE
    C:\Keil_v5\ARM\PACK\Keil\STM32F1xx_DFP\2.1.0\Device\StdPeriph_Driver\src\misc.c 0x00000000   Number         0  misc.o ABSOLUTE
    C:\Keil_v5\ARM\PACK\Keil\STM32F1xx_DFP\2.1.0\Device\StdPeriph_Driver\src\stm32f10x_adc.c 0x00000000   Number         0  stm32f10x_adc.o ABSOLUTE
    C:\Keil_v5\ARM\PACK\Keil\STM32F1xx_DFP\2.1.0\Device\StdPeriph_Driver\src\stm32f10x_dma.c 0x00000000   Number         0  stm32f10x_dma.o ABSOLUTE
    C:\Keil_v5\ARM\PACK\Keil\STM32F1xx_DFP\2.1.0\Device\StdPeriph_Driver\src\stm32f10x_exti.c 0x00000000   Number         0  stm32f10x_exti.o ABSOLUTE
    C:\Keil_v5\ARM\PACK\Keil\STM32F1xx_DFP\2.1.0\Device\StdPeriph_Driver\src\stm32f10x_gpio.c 0x00000000   Number         0  stm32f10x_gpio.o ABSOLUTE
    C:\Keil_v5\ARM\PACK\Keil\STM32F1xx_DFP\2.1.0\Device\StdPeriph_Driver\src\stm32f10x_rcc.c 0x00000000   Number         0  stm32f10x_rcc.o ABSOLUTE
    C:\Keil_v5\ARM\PACK\Keil\STM32F1xx_DFP\2.1.0\Device\StdPeriph_Driver\src\stm32f10x_spi.c 0x00000000   Number         0  stm32f10x_spi.o ABSOLUTE
    C:\Keil_v5\ARM\PACK\Keil\STM32F1xx_DFP\2.1.0\Device\StdPeriph_Driver\src\stm32f10x_tim.c 0x00000000   Number         0  stm32f10x_tim.o ABSOLUTE
    C:\Keil_v5\ARM\PACK\Keil\STM32F1xx_DFP\2.1.0\Device\StdPeriph_Driver\src\stm32f10x_usart.c 0x00000000   Number         0  stm32f10x_usart.o ABSOLUTE
    C:\Keil_v5\ARM\PACK\Keil\STM32F1xx_DFP\2.1.0\RTE_Driver\DMA_STM32F10x.c 0x00000000   Number         0  dma_stm32f10x.o ABSOLUTE
    C:\Keil_v5\ARM\PACK\Keil\STM32F1xx_DFP\2.1.0\RTE_Driver\GPIO_STM32F10x.c 0x00000000   Number         0  gpio_stm32f10x.o ABSOLUTE
    C:\\Keil_v5\\ARM\\PACK\\Keil\\STM32F1xx_DFP\\2.1.0\\Device\\StdPeriph_Driver\\src\\misc.c 0x00000000   Number         0  misc.o ABSOLUTE
    C:\\Keil_v5\\ARM\\PACK\\Keil\\STM32F1xx_DFP\\2.1.0\\Device\\StdPeriph_Driver\\src\\stm32f10x_adc.c 0x00000000   Number         0  stm32f10x_adc.o ABSOLUTE
    C:\\Keil_v5\\ARM\\PACK\\Keil\\STM32F1xx_DFP\\2.1.0\\Device\\StdPeriph_Driver\\src\\stm32f10x_dma.c 0x00000000   Number         0  stm32f10x_dma.o ABSOLUTE
    C:\\Keil_v5\\ARM\\PACK\\Keil\\STM32F1xx_DFP\\2.1.0\\Device\\StdPeriph_Driver\\src\\stm32f10x_exti.c 0x00000000   Number         0  stm32f10x_exti.o ABSOLUTE
    C:\\Keil_v5\\ARM\\PACK\\Keil\\STM32F1xx_DFP\\2.1.0\\Device\\StdPeriph_Driver\\src\\stm32f10x_gpio.c 0x00000000   Number         0  stm32f10x_gpio.o ABSOLUTE
    C:\\Keil_v5\\ARM\\PACK\\Keil\\STM32F1xx_DFP\\2.1.0\\Device\\StdPeriph_Driver\\src\\stm32f10x_rcc.c 0x00000000   Number         0  stm32f10x_rcc.o ABSOLUTE
    C:\\Keil_v5\\ARM\\PACK\\Keil\\STM32F1xx_DFP\\2.1.0\\Device\\StdPeriph_Driver\\src\\stm32f10x_spi.c 0x00000000   Number         0  stm32f10x_spi.o ABSOLUTE
    C:\\Keil_v5\\ARM\\PACK\\Keil\\STM32F1xx_DFP\\2.1.0\\Device\\StdPeriph_Driver\\src\\stm32f10x_tim.c 0x00000000   Number         0  stm32f10x_tim.o ABSOLUTE
    C:\\Keil_v5\\ARM\\PACK\\Keil\\STM32F1xx_DFP\\2.1.0\\Device\\StdPeriph_Driver\\src\\stm32f10x_usart.c 0x00000000   Number         0  stm32f10x_usart.o ABSOLUTE
    C:\\Keil_v5\\ARM\\PACK\\Keil\\STM32F1xx_DFP\\2.1.0\\RTE_Driver\\DMA_STM32F10x.c 0x00000000   Number         0  dma_stm32f10x.o ABSOLUTE
    C:\\Keil_v5\\ARM\\PACK\\Keil\\STM32F1xx_DFP\\2.1.0\\RTE_Driver\\GPIO_STM32F10x.c 0x00000000   Number         0  gpio_stm32f10x.o ABSOLUTE
    RTE\Device\STM32F103RB\startup_stm32f10x_md.s 0x00000000   Number         0  startup_stm32f10x_md.o ABSOLUTE
    RTE\Device\STM32F103RB\system_stm32f10x.c 0x00000000   Number         0  system_stm32f10x.o ABSOLUTE
    RTE\\Device\\STM32F103RB\\system_stm32f10x.c 0x00000000   Number         0  system_stm32f10x.o ABSOLUTE
    cdrcmple.s                               0x00000000   Number         0  cdrcmple.o ABSOLUTE
    dc.s                                     0x00000000   Number         0  dc.o ABSOLUTE
    handlers.s                               0x00000000   Number         0  handlers.o ABSOLUTE
    init.s                                   0x00000000   Number         0  init.o ABSOLUTE
    sources\\adc.c                           0x00000000   Number         0  adc.o ABSOLUTE
    sources\\bh1750.c                        0x00000000   Number         0  bh1750.o ABSOLUTE
    sources\\co2.c                           0x00000000   Number         0  co2.o ABSOLUTE
    sources\\delay.c                         0x00000000   Number         0  delay.o ABSOLUTE
    sources\\dht11.c                         0x00000000   Number         0  dht11.o ABSOLUTE
    sources\\ds18b20.c                       0x00000000   Number         0  ds18b20.o ABSOLUTE
    sources\\flash.c                         0x00000000   Number         0  flash.o ABSOLUTE
    sources\\i2c.c                           0x00000000   Number         0  i2c.o ABSOLUTE
    sources\\key.c                           0x00000000   Number         0  key.o ABSOLUTE
    sources\\led.c                           0x00000000   Number         0  led.o ABSOLUTE
    sources\\main.c                          0x00000000   Number         0  main.o ABSOLUTE
    sources\\pwm.c                           0x00000000   Number         0  pwm.o ABSOLUTE
    sources\\soil.c                          0x00000000   Number         0  soil.o ABSOLUTE
    sources\\spi.c                           0x00000000   Number         0  spi.o ABSOLUTE
    sources\\stm32f10x_it.c                  0x00000000   Number         0  stm32f10x_it.o ABSOLUTE
    sources\\uart.c                          0x00000000   Number         0  uart.o ABSOLUTE
    sources\adc.c                            0x00000000   Number         0  adc.o ABSOLUTE
    sources\bh1750.c                         0x00000000   Number         0  bh1750.o ABSOLUTE
    sources\co2.c                            0x00000000   Number         0  co2.o ABSOLUTE
    sources\delay.c                          0x00000000   Number         0  delay.o ABSOLUTE
    sources\dht11.c                          0x00000000   Number         0  dht11.o ABSOLUTE
    sources\ds18b20.c                        0x00000000   Number         0  ds18b20.o ABSOLUTE
    sources\flash.c                          0x00000000   Number         0  flash.o ABSOLUTE
    sources\i2c.c                            0x00000000   Number         0  i2c.o ABSOLUTE
    sources\key.c                            0x00000000   Number         0  key.o ABSOLUTE
    sources\led.c                            0x00000000   Number         0  led.o ABSOLUTE
    sources\main.c                           0x00000000   Number         0  main.o ABSOLUTE
    sources\pwm.c                            0x00000000   Number         0  pwm.o ABSOLUTE
    sources\soil.c                           0x00000000   Number         0  soil.o ABSOLUTE
    sources\spi.c                            0x00000000   Number         0  spi.o ABSOLUTE
    sources\stm32f10x_it.c                   0x00000000   Number         0  stm32f10x_it.o ABSOLUTE
    sources\uart.c                           0x00000000   Number         0  uart.o ABSOLUTE
    RESET                                    0x08000000   Section      236  startup_stm32f10x_md.o(RESET)
    .ARM.Collect$$$$00000000                 0x080000ec   Section        0  entry.o(.ARM.Collect$$$$00000000)
    .ARM.Collect$$$$00000001                 0x080000ec   Section        4  entry2.o(.ARM.Collect$$$$00000001)
    .ARM.Collect$$$$00000004                 0x080000f0   Section        4  entry5.o(.ARM.Collect$$$$00000004)
    .ARM.Collect$$$$00000008                 0x080000f4   Section        0  entry7b.o(.ARM.Collect$$$$00000008)
    .ARM.Collect$$$$0000000A                 0x080000f4   Section        0  entry8b.o(.ARM.Collect$$$$0000000A)
    .ARM.Collect$$$$0000000B                 0x080000f4   Section        8  entry9a.o(.ARM.Collect$$$$0000000B)
    .ARM.Collect$$$$0000000D                 0x080000fc   Section        0  entry10a.o(.ARM.Collect$$$$0000000D)
    .ARM.Collect$$$$0000000F                 0x080000fc   Section        0  entry11a.o(.ARM.Collect$$$$0000000F)
    .ARM.Collect$$$$00002712                 0x080000fc   Section        4  entry2.o(.ARM.Collect$$$$00002712)
    __lit__00000000                          0x080000fc   Data           4  entry2.o(.ARM.Collect$$$$00002712)
    .text                                    0x08000100   Section       36  startup_stm32f10x_md.o(.text)
    .text                                    0x08000124   Section        0  memcpya.o(.text)
    .text                                    0x08000148   Section        0  memseta.o(.text)
    .text                                    0x0800016c   Section        0  fadd.o(.text)
    .text                                    0x0800021c   Section        0  fmul.o(.text)
    .text                                    0x08000280   Section        0  fdiv.o(.text)
    .text                                    0x080002fc   Section        0  dmul.o(.text)
    .text                                    0x080003e0   Section        0  ddiv.o(.text)
    .text                                    0x080004be   Section        0  fflti.o(.text)
    .text                                    0x080004d0   Section        0  ffltui.o(.text)
    .text                                    0x080004da   Section        0  dfltui.o(.text)
    .text                                    0x080004f4   Section        0  ffixi.o(.text)
    .text                                    0x08000526   Section        0  f2d.o(.text)
    .text                                    0x0800054c   Section        0  d2f.o(.text)
    .text                                    0x08000584   Section        0  fepilogue.o(.text)
    .text                                    0x08000584   Section        0  iusefp.o(.text)
    .text                                    0x080005f2   Section        0  depilogue.o(.text)
    .text                                    0x080006ac   Section       36  init.o(.text)
    .text                                    0x080006d0   Section        0  llshl.o(.text)
    .text                                    0x080006ee   Section        0  llushr.o(.text)
    i.ADC1_GPIO_Config                       0x08000710   Section        0  adc.o(i.ADC1_GPIO_Config)
    ADC1_GPIO_Config                         0x08000711   Thumb Code    42  adc.o(i.ADC1_GPIO_Config)
    i.ADC1_Init                              0x08000740   Section        0  adc.o(i.ADC1_Init)
    i.ADC1_Mode_Config                       0x0800074c   Section        0  adc.o(i.ADC1_Mode_Config)
    ADC1_Mode_Config                         0x0800074d   Thumb Code   238  adc.o(i.ADC1_Mode_Config)
    i.ADC_Cmd                                0x08000848   Section        0  stm32f10x_adc.o(i.ADC_Cmd)
    i.ADC_DMACmd                             0x0800085e   Section        0  stm32f10x_adc.o(i.ADC_DMACmd)
    i.ADC_GetCalibrationStatus               0x08000874   Section        0  stm32f10x_adc.o(i.ADC_GetCalibrationStatus)
    i.ADC_GetResetCalibrationStatus          0x08000888   Section        0  stm32f10x_adc.o(i.ADC_GetResetCalibrationStatus)
    i.ADC_Init                               0x0800089c   Section        0  stm32f10x_adc.o(i.ADC_Init)
    i.ADC_RegularChannelConfig               0x080008ec   Section        0  stm32f10x_adc.o(i.ADC_RegularChannelConfig)
    i.ADC_ResetCalibration                   0x080009a4   Section        0  stm32f10x_adc.o(i.ADC_ResetCalibration)
    i.ADC_SoftwareStartConvCmd               0x080009ae   Section        0  stm32f10x_adc.o(i.ADC_SoftwareStartConvCmd)
    i.ADC_StartCalibration                   0x080009c4   Section        0  stm32f10x_adc.o(i.ADC_StartCalibration)
    i.BH1750_Send                            0x080009ce   Section        0  bh1750.o(i.BH1750_Send)
    i.BH1750_Start                           0x080009fe   Section        0  bh1750.o(i.BH1750_Start)
    i.BusFault_Handler                       0x08000a14   Section        0  stm32f10x_it.o(i.BusFault_Handler)
    i.Co2_Init                               0x08000a18   Section        0  co2.o(i.Co2_Init)
    i.Co2_Read                               0x08000a3c   Section        0  co2.o(i.Co2_Read)
    i.DHT11_Check                            0x08000af4   Section        0  dht11.o(i.DHT11_Check)
    i.DHT11_IO_IN                            0x08000b4c   Section        0  dht11.o(i.DHT11_IO_IN)
    i.DHT11_IO_OUT                           0x08000b68   Section        0  dht11.o(i.DHT11_IO_OUT)
    i.DHT11_Init                             0x08000b94   Section        0  dht11.o(i.DHT11_Init)
    i.DHT11_Read_Bit                         0x08000ba0   Section        0  dht11.o(i.DHT11_Read_Bit)
    i.DHT11_Read_Byte                        0x08000bf8   Section        0  dht11.o(i.DHT11_Read_Byte)
    i.DHT11_Read_Data                        0x08000c16   Section        0  dht11.o(i.DHT11_Read_Data)
    i.DHT11_Rst                              0x08000c70   Section        0  dht11.o(i.DHT11_Rst)
    i.DMA1_Channel1_Event                    0x08000c9c   Section        0  dma_stm32f10x.o(i.DMA1_Channel1_Event)
    i.DMA1_Channel1_IRQHandler               0x08000ca0   Section        0  dma_stm32f10x.o(i.DMA1_Channel1_IRQHandler)
    i.DMA1_Channel2_Event                    0x08000cbc   Section        0  dma_stm32f10x.o(i.DMA1_Channel2_Event)
    i.DMA1_Channel2_IRQHandler               0x08000cc0   Section        0  dma_stm32f10x.o(i.DMA1_Channel2_IRQHandler)
    i.DMA1_Channel3_Event                    0x08000cdc   Section        0  dma_stm32f10x.o(i.DMA1_Channel3_Event)
    i.DMA1_Channel3_IRQHandler               0x08000ce0   Section        0  dma_stm32f10x.o(i.DMA1_Channel3_IRQHandler)
    i.DMA1_Channel4_Event                    0x08000cfc   Section        0  dma_stm32f10x.o(i.DMA1_Channel4_Event)
    i.DMA1_Channel4_IRQHandler               0x08000d00   Section        0  dma_stm32f10x.o(i.DMA1_Channel4_IRQHandler)
    i.DMA1_Channel5_Event                    0x08000d1c   Section        0  dma_stm32f10x.o(i.DMA1_Channel5_Event)
    i.DMA1_Channel5_IRQHandler               0x08000d20   Section        0  dma_stm32f10x.o(i.DMA1_Channel5_IRQHandler)
    i.DMA1_Channel6_Event                    0x08000d3c   Section        0  dma_stm32f10x.o(i.DMA1_Channel6_Event)
    i.DMA1_Channel6_IRQHandler               0x08000d40   Section        0  dma_stm32f10x.o(i.DMA1_Channel6_IRQHandler)
    i.DMA1_Channel7_Event                    0x08000d5c   Section        0  dma_stm32f10x.o(i.DMA1_Channel7_Event)
    i.DMA1_Channel7_IRQHandler               0x08000d60   Section        0  dma_stm32f10x.o(i.DMA1_Channel7_IRQHandler)
    i.DMA_Cmd                                0x08000d7c   Section        0  stm32f10x_dma.o(i.DMA_Cmd)
    i.DMA_DeInit                             0x08000d94   Section        0  stm32f10x_dma.o(i.DMA_DeInit)
    i.DMA_Init                               0x08000ee0   Section        0  stm32f10x_dma.o(i.DMA_Init)
    i.DS18B20Init                            0x08000f1c   Section        0  ds18b20.o(i.DS18B20Init)
    i.DS18B20ReadByte                        0x08000f6c   Section        0  ds18b20.o(i.DS18B20ReadByte)
    i.DS18B20StartConvert                    0x08000fd0   Section        0  ds18b20.o(i.DS18B20StartConvert)
    i.DS18B20WriteByte                       0x08000fe4   Section        0  ds18b20.o(i.DS18B20WriteByte)
    i.DS18B20_Configuration                  0x08001038   Section        0  ds18b20.o(i.DS18B20_Configuration)
    i.DS18B20_Init                           0x08001064   Section        0  ds18b20.o(i.DS18B20_Init)
    i.DS18B20_Read                           0x0800107c   Section        0  ds18b20.o(i.DS18B20_Read)
    i.DebugMon_Handler                       0x080010d8   Section        0  stm32f10x_it.o(i.DebugMon_Handler)
    i.Delay_us                               0x080010dc   Section        0  delay.o(i.Delay_us)
    i.GPIO_Config                            0x08001104   Section        0  pwm.o(i.GPIO_Config)
    i.GPIO_Init                              0x08001154   Section        0  stm32f10x_gpio.o(i.GPIO_Init)
    i.GPIO_ReadInputDataBit                  0x0800126a   Section        0  stm32f10x_gpio.o(i.GPIO_ReadInputDataBit)
    i.GPIO_ResetBits                         0x0800127c   Section        0  stm32f10x_gpio.o(i.GPIO_ResetBits)
    i.GPIO_SetBits                           0x08001280   Section        0  stm32f10x_gpio.o(i.GPIO_SetBits)
    i.HB1750_Init                            0x08001284   Section        0  bh1750.o(i.HB1750_Init)
    i.HB1750_Read                            0x0800128c   Section        0  bh1750.o(i.HB1750_Read)
    i.HB1750_Read_Data                       0x080012d0   Section        0  bh1750.o(i.HB1750_Read_Data)
    i.HardFault_Handler                      0x08001308   Section        0  stm32f10x_it.o(i.HardFault_Handler)
    i.IIC_Ack                                0x0800130c   Section        0  i2c.o(i.IIC_Ack)
    i.IIC_Init                               0x08001360   Section        0  i2c.o(i.IIC_Init)
    i.IIC_NAck                               0x08001398   Section        0  i2c.o(i.IIC_NAck)
    i.IIC_Read_Byte                          0x080013ec   Section        0  i2c.o(i.IIC_Read_Byte)
    i.IIC_Send_Byte                          0x0800145c   Section        0  i2c.o(i.IIC_Send_Byte)
    i.IIC_Start                              0x080014d4   Section        0  i2c.o(i.IIC_Start)
    i.IIC_Stop                               0x08001528   Section        0  i2c.o(i.IIC_Stop)
    i.IIC_Wait_Ack                           0x08001578   Section        0  i2c.o(i.IIC_Wait_Ack)
    i.KEY_Init                               0x080015e4   Section        0  key.o(i.KEY_Init)
    i.Led_Init                               0x0800162c   Section        0  led.o(i.Led_Init)
    i.MemManage_Handler                      0x08001684   Section        0  stm32f10x_it.o(i.MemManage_Handler)
    i.NMI_Handler                            0x08001688   Section        0  stm32f10x_it.o(i.NMI_Handler)
    i.NVIC_Init                              0x0800168c   Section        0  misc.o(i.NVIC_Init)
    i.PendSV_Handler                         0x080016fc   Section        0  stm32f10x_it.o(i.PendSV_Handler)
    i.Pwm_Init                               0x080016fe   Section        0  pwm.o(i.Pwm_Init)
    i.RCC_ADCCLKConfig                       0x0800170c   Section        0  stm32f10x_rcc.o(i.RCC_ADCCLKConfig)
    i.RCC_AHBPeriphClockCmd                  0x08001724   Section        0  stm32f10x_rcc.o(i.RCC_AHBPeriphClockCmd)
    i.RCC_APB1PeriphClockCmd                 0x08001744   Section        0  stm32f10x_rcc.o(i.RCC_APB1PeriphClockCmd)
    i.RCC_APB1PeriphResetCmd                 0x08001764   Section        0  stm32f10x_rcc.o(i.RCC_APB1PeriphResetCmd)
    i.RCC_APB2PeriphClockCmd                 0x08001784   Section        0  stm32f10x_rcc.o(i.RCC_APB2PeriphClockCmd)
    i.RCC_APB2PeriphResetCmd                 0x080017a4   Section        0  stm32f10x_rcc.o(i.RCC_APB2PeriphResetCmd)
    i.RCC_GetClocksFreq                      0x080017c4   Section        0  stm32f10x_rcc.o(i.RCC_GetClocksFreq)
    i.ResetDS18B20                           0x08001898   Section        0  ds18b20.o(i.ResetDS18B20)
    i.SPI2_Init                              0x080018ec   Section        0  spi.o(i.SPI2_Init)
    i.SPI2_ReadWriteByte                     0x08001980   Section        0  spi.o(i.SPI2_ReadWriteByte)
    i.SPI2_SetSpeed                          0x080019d4   Section        0  spi.o(i.SPI2_SetSpeed)
    i.SPI_Cmd                                0x080019fc   Section        0  stm32f10x_spi.o(i.SPI_Cmd)
    i.SPI_FLASH_Write_Enable                 0x08001a14   Section        0  flash.o(i.SPI_FLASH_Write_Enable)
    i.SPI_Flash_Erase_Sector                 0x08001a38   Section        0  flash.o(i.SPI_Flash_Erase_Sector)
    i.SPI_Flash_Init                         0x08001a80   Section        0  flash.o(i.SPI_Flash_Init)
    i.SPI_Flash_Read                         0x08001b04   Section        0  flash.o(i.SPI_Flash_Read)
    i.SPI_Flash_ReadID                       0x08001b5c   Section        0  flash.o(i.SPI_Flash_ReadID)
    i.SPI_Flash_ReadSR                       0x08001ba8   Section        0  flash.o(i.SPI_Flash_ReadSR)
    i.SPI_Flash_Wait_Busy                    0x08001bd8   Section        0  flash.o(i.SPI_Flash_Wait_Busy)
    i.SPI_Flash_Write                        0x08001bec   Section        0  flash.o(i.SPI_Flash_Write)
    i.SPI_Flash_Write_NoCheck                0x08001ca0   Section        0  flash.o(i.SPI_Flash_Write_NoCheck)
    i.SPI_Flash_Write_Page                   0x08001ce8   Section        0  flash.o(i.SPI_Flash_Write_Page)
    i.SPI_I2S_GetFlagStatus                  0x08001d44   Section        0  stm32f10x_spi.o(i.SPI_I2S_GetFlagStatus)
    i.SPI_I2S_ReceiveData                    0x08001d56   Section        0  stm32f10x_spi.o(i.SPI_I2S_ReceiveData)
    i.SPI_I2S_SendData                       0x08001d5c   Section        0  stm32f10x_spi.o(i.SPI_I2S_SendData)
    i.SPI_Init                               0x08001d60   Section        0  stm32f10x_spi.o(i.SPI_Init)
    i.SVC_Handler                            0x08001d9c   Section        0  stm32f10x_it.o(i.SVC_Handler)
    i.SetSysClock                            0x08001d9e   Section        0  system_stm32f10x.o(i.SetSysClock)
    SetSysClock                              0x08001d9f   Thumb Code     8  system_stm32f10x.o(i.SetSysClock)
    i.SetSysClockTo72                        0x08001da8   Section        0  system_stm32f10x.o(i.SetSysClockTo72)
    SetSysClockTo72                          0x08001da9   Thumb Code   214  system_stm32f10x.o(i.SetSysClockTo72)
    i.Soil_Moisture_Init                     0x08001e88   Section        0  soil.o(i.Soil_Moisture_Init)
    i.Soil_Moisture_Read                     0x08001e90   Section        0  soil.o(i.Soil_Moisture_Read)
    i.SysTick_Handler                        0x08001ef0   Section        0  stm32f10x_it.o(i.SysTick_Handler)
    i.SysTick_Init                           0x08001ef8   Section        0  delay.o(i.SysTick_Init)
    i.SystemInit                             0x08001f70   Section        0  system_stm32f10x.o(i.SystemInit)
    i.TIM3_Config                            0x08001fd0   Section        0  pwm.o(i.TIM3_Config)
    i.TIM_ARRPreloadConfig                   0x080020bc   Section        0  stm32f10x_tim.o(i.TIM_ARRPreloadConfig)
    i.TIM_Cmd                                0x080020d4   Section        0  stm32f10x_tim.o(i.TIM_Cmd)
    i.TIM_OC1Init                            0x080020ec   Section        0  stm32f10x_tim.o(i.TIM_OC1Init)
    i.TIM_OC1PreloadConfig                   0x08002184   Section        0  stm32f10x_tim.o(i.TIM_OC1PreloadConfig)
    i.TIM_OC2Init                            0x08002198   Section        0  stm32f10x_tim.o(i.TIM_OC2Init)
    i.TIM_OC2PreloadConfig                   0x0800223c   Section        0  stm32f10x_tim.o(i.TIM_OC2PreloadConfig)
    i.TIM_OC3Init                            0x08002258   Section        0  stm32f10x_tim.o(i.TIM_OC3Init)
    i.TIM_OC3PreloadConfig                   0x080022f8   Section        0  stm32f10x_tim.o(i.TIM_OC3PreloadConfig)
    i.TIM_OC4Init                            0x0800230c   Section        0  stm32f10x_tim.o(i.TIM_OC4Init)
    i.TIM_OC4PreloadConfig                   0x08002388   Section        0  stm32f10x_tim.o(i.TIM_OC4PreloadConfig)
    i.TIM_SetCompare2                        0x080023a2   Section        0  stm32f10x_tim.o(i.TIM_SetCompare2)
    i.TIM_SetCompare4                        0x080023a6   Section        0  stm32f10x_tim.o(i.TIM_SetCompare4)
    i.TIM_TimeBaseInit                       0x080023ac   Section        0  stm32f10x_tim.o(i.TIM_TimeBaseInit)
    i.TimingDelay_Decrement                  0x08002450   Section        0  delay.o(i.TimingDelay_Decrement)
    i.USART1_IRQHandler                      0x08002468   Section        0  uart.o(i.USART1_IRQHandler)
    i.USART1_Puts                            0x080024c4   Section        0  uart.o(i.USART1_Puts)
    i.USART2_IRQHandler                      0x080024f0   Section        0  uart.o(i.USART2_IRQHandler)
    i.USART2_Puts                            0x080025a8   Section        0  uart.o(i.USART2_Puts)
    i.USART3_IRQHandler                      0x080025d4   Section        0  uart.o(i.USART3_IRQHandler)
    i.USART3_PutData                         0x0800268c   Section        0  uart.o(i.USART3_PutData)
    i.USART3_Puts                            0x080026bc   Section        0  uart.o(i.USART3_Puts)
    i.USART_ClearFlag                        0x080026e8   Section        0  stm32f10x_usart.o(i.USART_ClearFlag)
    i.USART_ClearITPendingBit                0x080026fa   Section        0  stm32f10x_usart.o(i.USART_ClearITPendingBit)
    i.USART_Cmd                              0x08002718   Section        0  stm32f10x_usart.o(i.USART_Cmd)
    i.USART_DeInit                           0x08002730   Section        0  stm32f10x_usart.o(i.USART_DeInit)
    i.USART_GetFlagStatus                    0x080027cc   Section        0  stm32f10x_usart.o(i.USART_GetFlagStatus)
    i.USART_GetITStatus                      0x080027e6   Section        0  stm32f10x_usart.o(i.USART_GetITStatus)
    i.USART_ITConfig                         0x0800283a   Section        0  stm32f10x_usart.o(i.USART_ITConfig)
    i.USART_Init                             0x08002884   Section        0  stm32f10x_usart.o(i.USART_Init)
    i.USART_ReceiveData                      0x0800295c   Section        0  stm32f10x_usart.o(i.USART_ReceiveData)
    i.USART_SendData                         0x08002966   Section        0  stm32f10x_usart.o(i.USART_SendData)
    i.Uart1_Init                             0x08002970   Section        0  uart.o(i.Uart1_Init)
    i.Uart2_Init                             0x08002a18   Section        0  uart.o(i.Uart2_Init)
    i.Uart3_Init                             0x08002ac4   Section        0  uart.o(i.Uart3_Init)
    i.UsageFault_Handler                     0x08002b74   Section        0  stm32f10x_it.o(i.UsageFault_Handler)
    i.__0printf$2                            0x08002b78   Section        0  printf2.o(i.__0printf$2)
    i.__scatterload_copy                     0x08002b98   Section       14  handlers.o(i.__scatterload_copy)
    i.__scatterload_null                     0x08002ba6   Section        2  handlers.o(i.__scatterload_null)
    i.__scatterload_zeroinit                 0x08002ba8   Section       14  handlers.o(i.__scatterload_zeroinit)
    i._printf_core                           0x08002bb6   Section        0  printf2.o(i._printf_core)
    _printf_core                             0x08002bb7   Thumb Code   214  printf2.o(i._printf_core)
    i.fputc                                  0x08002c8c   Section        0  uart.o(i.fputc)
    i.main                                   0x08002cb0   Section        0  main.o(i.main)
    .data                                    0x20000000   Section       12  uart.o(.data)
    .data                                    0x2000000c   Section        4  delay.o(.data)
    TimingDelay                              0x2000000c   Data           4  delay.o(.data)
    .data                                    0x20000010   Section        2  flash.o(.data)
    .data                                    0x20000012   Section        6  adc.o(.data)
    .data                                    0x20000018   Section       46  co2.o(.data)
    .data                                    0x20000046   Section        8  pwm.o(.data)
    .data                                    0x2000004e   Section       20  stm32f10x_rcc.o(.data)
    APBAHBPrescTable                         0x2000004e   Data          16  stm32f10x_rcc.o(.data)
    ADCPrescTable                            0x2000005e   Data           4  stm32f10x_rcc.o(.data)
    .data                                    0x20000064   Section       20  system_stm32f10x.o(.data)
    .data                                    0x20000078   Section        4  stdout.o(.data)
    .bss                                     0x2000007c   Section      960  uart.o(.bss)
    .bss                                     0x2000043c   Section     4096  flash.o(.bss)
    STACK                                    0x20001440   Section     1024  startup_stm32f10x_md.o(STACK)

    Global Symbols

    Symbol Name                              Value     Ov Type        Size  Object(Section)

    BuildAttributes$$THM_ISAv4$P$D$K$B$S$PE$A:L22UL41UL21$X:L11$S22US41US21$IEEE1$IW$USESV6$~STKCKD$USESV7$~SHL$OTIME$ROPI$EBA8$MICROLIB$REQ8$PRES8$EABIv2 0x00000000   Number         0  anon$$obj.o ABSOLUTE
    __ARM_use_no_argv                        0x00000000   Number         0  main.o ABSOLUTE
    _printf_a                                0x00000000   Number         0  stubs.o ABSOLUTE
    _printf_c                                0x00000000   Number         0  stubs.o ABSOLUTE
    _printf_charcount                        0x00000000   Number         0  stubs.o ABSOLUTE
    _printf_d                                0x00000000   Number         0  stubs.o ABSOLUTE
    _printf_e                                0x00000000   Number         0  stubs.o ABSOLUTE
    _printf_f                                0x00000000   Number         0  stubs.o ABSOLUTE
    _printf_flags                            0x00000000   Number         0  stubs.o ABSOLUTE
    _printf_fp_dec                           0x00000000   Number         0  stubs.o ABSOLUTE
    _printf_fp_hex                           0x00000000   Number         0  stubs.o ABSOLUTE
    _printf_g                                0x00000000   Number         0  stubs.o ABSOLUTE
    _printf_i                                0x00000000   Number         0  stubs.o ABSOLUTE
    _printf_int_dec                          0x00000000   Number         0  stubs.o ABSOLUTE
    _printf_l                                0x00000000   Number         0  stubs.o ABSOLUTE
    _printf_lc                               0x00000000   Number         0  stubs.o ABSOLUTE
    _printf_ll                               0x00000000   Number         0  stubs.o ABSOLUTE
    _printf_lld                              0x00000000   Number         0  stubs.o ABSOLUTE
    _printf_lli                              0x00000000   Number         0  stubs.o ABSOLUTE
    _printf_llo                              0x00000000   Number         0  stubs.o ABSOLUTE
    _printf_llu                              0x00000000   Number         0  stubs.o ABSOLUTE
    _printf_llx                              0x00000000   Number         0  stubs.o ABSOLUTE
    _printf_longlong_dec                     0x00000000   Number         0  stubs.o ABSOLUTE
    _printf_longlong_hex                     0x00000000   Number         0  stubs.o ABSOLUTE
    _printf_longlong_oct                     0x00000000   Number         0  stubs.o ABSOLUTE
    _printf_ls                               0x00000000   Number         0  stubs.o ABSOLUTE
    _printf_mbtowc                           0x00000000   Number         0  stubs.o ABSOLUTE
    _printf_n                                0x00000000   Number         0  stubs.o ABSOLUTE
    _printf_o                                0x00000000   Number         0  stubs.o ABSOLUTE
    _printf_p                                0x00000000   Number         0  stubs.o ABSOLUTE
    _printf_percent                          0x00000000   Number         0  stubs.o ABSOLUTE
    _printf_pre_padding                      0x00000000   Number         0  stubs.o ABSOLUTE
    _printf_return_value                     0x00000000   Number         0  stubs.o ABSOLUTE
    _printf_s                                0x00000000   Number         0  stubs.o ABSOLUTE
    _printf_sizespec                         0x00000000   Number         0  stubs.o ABSOLUTE
    _printf_str                              0x00000000   Number         0  stubs.o ABSOLUTE
    _printf_truncate_signed                  0x00000000   Number         0  stubs.o ABSOLUTE
    _printf_truncate_unsigned                0x00000000   Number         0  stubs.o ABSOLUTE
    _printf_u                                0x00000000   Number         0  stubs.o ABSOLUTE
    _printf_wc                               0x00000000   Number         0  stubs.o ABSOLUTE
    _printf_wctomb                           0x00000000   Number         0  stubs.o ABSOLUTE
    _printf_widthprec                        0x00000000   Number         0  stubs.o ABSOLUTE
    _printf_x                                0x00000000   Number         0  stubs.o ABSOLUTE
    __cpp_initialize__aeabi_                  - Undefined Weak Reference
    __cxa_finalize                            - Undefined Weak Reference
    __decompress                              - Undefined Weak Reference
    _clock_init                               - Undefined Weak Reference
    _microlib_exit                            - Undefined Weak Reference
    __Vectors_Size                           0x000000ec   Number         0  startup_stm32f10x_md.o ABSOLUTE
    __Vectors                                0x08000000   Data           4  startup_stm32f10x_md.o(RESET)
    __Vectors_End                            0x080000ec   Data           0  startup_stm32f10x_md.o(RESET)
    __main                                   0x080000ed   Thumb Code     0  entry.o(.ARM.Collect$$$$00000000)
    _main_stk                                0x080000ed   Thumb Code     0  entry2.o(.ARM.Collect$$$$00000001)
    _main_scatterload                        0x080000f1   Thumb Code     0  entry5.o(.ARM.Collect$$$$00000004)
    __main_after_scatterload                 0x080000f5   Thumb Code     0  entry5.o(.ARM.Collect$$$$00000004)
    _main_clock                              0x080000f5   Thumb Code     0  entry7b.o(.ARM.Collect$$$$00000008)
    _main_cpp_init                           0x080000f5   Thumb Code     0  entry8b.o(.ARM.Collect$$$$0000000A)
    _main_init                               0x080000f5   Thumb Code     0  entry9a.o(.ARM.Collect$$$$0000000B)
    __rt_final_cpp                           0x080000fd   Thumb Code     0  entry10a.o(.ARM.Collect$$$$0000000D)
    __rt_final_exit                          0x080000fd   Thumb Code     0  entry11a.o(.ARM.Collect$$$$0000000F)
    Reset_Handler                            0x08000101   Thumb Code     8  startup_stm32f10x_md.o(.text)
    ADC1_2_IRQHandler                        0x0800011b   Thumb Code     0  startup_stm32f10x_md.o(.text)
    CAN1_RX1_IRQHandler                      0x0800011b   Thumb Code     0  startup_stm32f10x_md.o(.text)
    CAN1_SCE_IRQHandler                      0x0800011b   Thumb Code     0  startup_stm32f10x_md.o(.text)
    EXTI0_IRQHandler                         0x0800011b   Thumb Code     0  startup_stm32f10x_md.o(.text)
    EXTI15_10_IRQHandler                     0x0800011b   Thumb Code     0  startup_stm32f10x_md.o(.text)
    EXTI1_IRQHandler                         0x0800011b   Thumb Code     0  startup_stm32f10x_md.o(.text)
    EXTI2_IRQHandler                         0x0800011b   Thumb Code     0  startup_stm32f10x_md.o(.text)
    EXTI3_IRQHandler                         0x0800011b   Thumb Code     0  startup_stm32f10x_md.o(.text)
    EXTI4_IRQHandler                         0x0800011b   Thumb Code     0  startup_stm32f10x_md.o(.text)
    EXTI9_5_IRQHandler                       0x0800011b   Thumb Code     0  startup_stm32f10x_md.o(.text)
    FLASH_IRQHandler                         0x0800011b   Thumb Code     0  startup_stm32f10x_md.o(.text)
    I2C1_ER_IRQHandler                       0x0800011b   Thumb Code     0  startup_stm32f10x_md.o(.text)
    I2C1_EV_IRQHandler                       0x0800011b   Thumb Code     0  startup_stm32f10x_md.o(.text)
    I2C2_ER_IRQHandler                       0x0800011b   Thumb Code     0  startup_stm32f10x_md.o(.text)
    I2C2_EV_IRQHandler                       0x0800011b   Thumb Code     0  startup_stm32f10x_md.o(.text)
    PVD_IRQHandler                           0x0800011b   Thumb Code     0  startup_stm32f10x_md.o(.text)
    RCC_IRQHandler                           0x0800011b   Thumb Code     0  startup_stm32f10x_md.o(.text)
    RTCAlarm_IRQHandler                      0x0800011b   Thumb Code     0  startup_stm32f10x_md.o(.text)
    RTC_IRQHandler                           0x0800011b   Thumb Code     0  startup_stm32f10x_md.o(.text)
    SPI1_IRQHandler                          0x0800011b   Thumb Code     0  startup_stm32f10x_md.o(.text)
    SPI2_IRQHandler                          0x0800011b   Thumb Code     0  startup_stm32f10x_md.o(.text)
    TAMPER_IRQHandler                        0x0800011b   Thumb Code     0  startup_stm32f10x_md.o(.text)
    TIM1_BRK_IRQHandler                      0x0800011b   Thumb Code     0  startup_stm32f10x_md.o(.text)
    TIM1_CC_IRQHandler                       0x0800011b   Thumb Code     0  startup_stm32f10x_md.o(.text)
    TIM1_TRG_COM_IRQHandler                  0x0800011b   Thumb Code     0  startup_stm32f10x_md.o(.text)
    TIM1_UP_IRQHandler                       0x0800011b   Thumb Code     0  startup_stm32f10x_md.o(.text)
    TIM2_IRQHandler                          0x0800011b   Thumb Code     0  startup_stm32f10x_md.o(.text)
    TIM3_IRQHandler                          0x0800011b   Thumb Code     0  startup_stm32f10x_md.o(.text)
    TIM4_IRQHandler                          0x0800011b   Thumb Code     0  startup_stm32f10x_md.o(.text)
    USBWakeUp_IRQHandler                     0x0800011b   Thumb Code     0  startup_stm32f10x_md.o(.text)
    USB_HP_CAN1_TX_IRQHandler                0x0800011b   Thumb Code     0  startup_stm32f10x_md.o(.text)
    USB_LP_CAN1_RX0_IRQHandler               0x0800011b   Thumb Code     0  startup_stm32f10x_md.o(.text)
    WWDG_IRQHandler                          0x0800011b   Thumb Code     0  startup_stm32f10x_md.o(.text)
    __aeabi_memcpy                           0x08000125   Thumb Code    36  memcpya.o(.text)
    __aeabi_memcpy4                          0x08000125   Thumb Code     0  memcpya.o(.text)
    __aeabi_memcpy8                          0x08000125   Thumb Code     0  memcpya.o(.text)
    __aeabi_memset                           0x08000149   Thumb Code    14  memseta.o(.text)
    __aeabi_memset4                          0x08000149   Thumb Code     0  memseta.o(.text)
    __aeabi_memset8                          0x08000149   Thumb Code     0  memseta.o(.text)
    __aeabi_memclr                           0x08000157   Thumb Code     4  memseta.o(.text)
    __aeabi_memclr4                          0x08000157   Thumb Code     0  memseta.o(.text)
    __aeabi_memclr8                          0x08000157   Thumb Code     0  memseta.o(.text)
    _memset$wrapper                          0x0800015b   Thumb Code    18  memseta.o(.text)
    __aeabi_fadd                             0x0800016d   Thumb Code   164  fadd.o(.text)
    __aeabi_fsub                             0x08000211   Thumb Code     6  fadd.o(.text)
    __aeabi_frsub                            0x08000217   Thumb Code     6  fadd.o(.text)
    __aeabi_fmul                             0x0800021d   Thumb Code   100  fmul.o(.text)
    __aeabi_fdiv                             0x08000281   Thumb Code   124  fdiv.o(.text)
    __aeabi_dmul                             0x080002fd   Thumb Code   228  dmul.o(.text)
    __aeabi_ddiv                             0x080003e1   Thumb Code   222  ddiv.o(.text)
    __aeabi_i2f                              0x080004bf   Thumb Code    18  fflti.o(.text)
    __aeabi_ui2f                             0x080004d1   Thumb Code    10  ffltui.o(.text)
    __aeabi_ui2d                             0x080004db   Thumb Code    26  dfltui.o(.text)
    __aeabi_f2iz                             0x080004f5   Thumb Code    50  ffixi.o(.text)
    __aeabi_f2d                              0x08000527   Thumb Code    38  f2d.o(.text)
    __aeabi_d2f                              0x0800054d   Thumb Code    56  d2f.o(.text)
    __I$use$fp                               0x08000585   Thumb Code     0  iusefp.o(.text)
    _float_round                             0x08000585   Thumb Code    18  fepilogue.o(.text)
    _float_epilogue                          0x08000597   Thumb Code    92  fepilogue.o(.text)
    _double_round                            0x080005f3   Thumb Code    30  depilogue.o(.text)
    _double_epilogue                         0x08000611   Thumb Code   156  depilogue.o(.text)
    __scatterload                            0x080006ad   Thumb Code    28  init.o(.text)
    __scatterload_rt2                        0x080006ad   Thumb Code     0  init.o(.text)
    __aeabi_llsl                             0x080006d1   Thumb Code    30  llshl.o(.text)
    _ll_shift_l                              0x080006d1   Thumb Code     0  llshl.o(.text)
    __aeabi_llsr                             0x080006ef   Thumb Code    32  llushr.o(.text)
    _ll_ushift_r                             0x080006ef   Thumb Code     0  llushr.o(.text)
    ADC1_Init                                0x08000741   Thumb Code    12  adc.o(i.ADC1_Init)
    ADC_Cmd                                  0x08000849   Thumb Code    22  stm32f10x_adc.o(i.ADC_Cmd)
    ADC_DMACmd                               0x0800085f   Thumb Code    22  stm32f10x_adc.o(i.ADC_DMACmd)
    ADC_GetCalibrationStatus                 0x08000875   Thumb Code    20  stm32f10x_adc.o(i.ADC_GetCalibrationStatus)
    ADC_GetResetCalibrationStatus            0x08000889   Thumb Code    20  stm32f10x_adc.o(i.ADC_GetResetCalibrationStatus)
    ADC_Init                                 0x0800089d   Thumb Code    70  stm32f10x_adc.o(i.ADC_Init)
    ADC_RegularChannelConfig                 0x080008ed   Thumb Code   184  stm32f10x_adc.o(i.ADC_RegularChannelConfig)
    ADC_ResetCalibration                     0x080009a5   Thumb Code    10  stm32f10x_adc.o(i.ADC_ResetCalibration)
    ADC_SoftwareStartConvCmd                 0x080009af   Thumb Code    22  stm32f10x_adc.o(i.ADC_SoftwareStartConvCmd)
    ADC_StartCalibration                     0x080009c5   Thumb Code    10  stm32f10x_adc.o(i.ADC_StartCalibration)
    BH1750_Send                              0x080009cf   Thumb Code    48  bh1750.o(i.BH1750_Send)
    BH1750_Start                             0x080009ff   Thumb Code    22  bh1750.o(i.BH1750_Start)
    BusFault_Handler                         0x08000a15   Thumb Code     4  stm32f10x_it.o(i.BusFault_Handler)
    Co2_Init                                 0x08000a19   Thumb Code    22  co2.o(i.Co2_Init)
    Co2_Read                                 0x08000a3d   Thumb Code   154  co2.o(i.Co2_Read)
    DHT11_Check                              0x08000af5   Thumb Code    84  dht11.o(i.DHT11_Check)
    DHT11_IO_IN                              0x08000b4d   Thumb Code    24  dht11.o(i.DHT11_IO_IN)
    DHT11_IO_OUT                             0x08000b69   Thumb Code    38  dht11.o(i.DHT11_IO_OUT)
    DHT11_Init                               0x08000b95   Thumb Code    12  dht11.o(i.DHT11_Init)
    DHT11_Read_Bit                           0x08000ba1   Thumb Code    84  dht11.o(i.DHT11_Read_Bit)
    DHT11_Read_Byte                          0x08000bf9   Thumb Code    30  dht11.o(i.DHT11_Read_Byte)
    DHT11_Read_Data                          0x08000c17   Thumb Code    88  dht11.o(i.DHT11_Read_Data)
    DHT11_Rst                                0x08000c71   Thumb Code    38  dht11.o(i.DHT11_Rst)
    DMA1_Channel1_Event                      0x08000c9d   Thumb Code     2  dma_stm32f10x.o(i.DMA1_Channel1_Event)
    DMA1_Channel1_IRQHandler                 0x08000ca1   Thumb Code    22  dma_stm32f10x.o(i.DMA1_Channel1_IRQHandler)
    DMA1_Channel2_Event                      0x08000cbd   Thumb Code     2  dma_stm32f10x.o(i.DMA1_Channel2_Event)
    DMA1_Channel2_IRQHandler                 0x08000cc1   Thumb Code    24  dma_stm32f10x.o(i.DMA1_Channel2_IRQHandler)
    DMA1_Channel3_Event                      0x08000cdd   Thumb Code     2  dma_stm32f10x.o(i.DMA1_Channel3_Event)
    DMA1_Channel3_IRQHandler                 0x08000ce1   Thumb Code    24  dma_stm32f10x.o(i.DMA1_Channel3_IRQHandler)
    DMA1_Channel4_Event                      0x08000cfd   Thumb Code     2  dma_stm32f10x.o(i.DMA1_Channel4_Event)
    DMA1_Channel4_IRQHandler                 0x08000d01   Thumb Code    24  dma_stm32f10x.o(i.DMA1_Channel4_IRQHandler)
    DMA1_Channel5_Event                      0x08000d1d   Thumb Code     2  dma_stm32f10x.o(i.DMA1_Channel5_Event)
    DMA1_Channel5_IRQHandler                 0x08000d21   Thumb Code    24  dma_stm32f10x.o(i.DMA1_Channel5_IRQHandler)
    DMA1_Channel6_Event                      0x08000d3d   Thumb Code     2  dma_stm32f10x.o(i.DMA1_Channel6_Event)
    DMA1_Channel6_IRQHandler                 0x08000d41   Thumb Code    24  dma_stm32f10x.o(i.DMA1_Channel6_IRQHandler)
    DMA1_Channel7_Event                      0x08000d5d   Thumb Code     2  dma_stm32f10x.o(i.DMA1_Channel7_Event)
    DMA1_Channel7_IRQHandler                 0x08000d61   Thumb Code    24  dma_stm32f10x.o(i.DMA1_Channel7_IRQHandler)
    DMA_Cmd                                  0x08000d7d   Thumb Code    24  stm32f10x_dma.o(i.DMA_Cmd)
    DMA_DeInit                               0x08000d95   Thumb Code   324  stm32f10x_dma.o(i.DMA_DeInit)
    DMA_Init                                 0x08000ee1   Thumb Code    60  stm32f10x_dma.o(i.DMA_Init)
    DS18B20Init                              0x08000f1d   Thumb Code    74  ds18b20.o(i.DS18B20Init)
    DS18B20ReadByte                          0x08000f6d   Thumb Code    96  ds18b20.o(i.DS18B20ReadByte)
    DS18B20StartConvert                      0x08000fd1   Thumb Code    20  ds18b20.o(i.DS18B20StartConvert)
    DS18B20WriteByte                         0x08000fe5   Thumb Code    78  ds18b20.o(i.DS18B20WriteByte)
    DS18B20_Configuration                    0x08001039   Thumb Code    38  ds18b20.o(i.DS18B20_Configuration)
    DS18B20_Init                             0x08001065   Thumb Code    22  ds18b20.o(i.DS18B20_Init)
    DS18B20_Read                             0x0800107d   Thumb Code    86  ds18b20.o(i.DS18B20_Read)
    DebugMon_Handler                         0x080010d9   Thumb Code     2  stm32f10x_it.o(i.DebugMon_Handler)
    Delay_us                                 0x080010dd   Thumb Code    36  delay.o(i.Delay_us)
    GPIO_Config                              0x08001105   Thumb Code    72  pwm.o(i.GPIO_Config)
    GPIO_Init                                0x08001155   Thumb Code   278  stm32f10x_gpio.o(i.GPIO_Init)
    GPIO_ReadInputDataBit                    0x0800126b   Thumb Code    18  stm32f10x_gpio.o(i.GPIO_ReadInputDataBit)
    GPIO_ResetBits                           0x0800127d   Thumb Code     4  stm32f10x_gpio.o(i.GPIO_ResetBits)
    GPIO_SetBits                             0x08001281   Thumb Code     4  stm32f10x_gpio.o(i.GPIO_SetBits)
    HB1750_Init                              0x08001285   Thumb Code     8  bh1750.o(i.HB1750_Init)
    HB1750_Read                              0x0800128d   Thumb Code    66  bh1750.o(i.HB1750_Read)
    HB1750_Read_Data                         0x080012d1   Thumb Code    46  bh1750.o(i.HB1750_Read_Data)
    HardFault_Handler                        0x08001309   Thumb Code     4  stm32f10x_it.o(i.HardFault_Handler)
    IIC_Ack                                  0x0800130d   Thumb Code    78  i2c.o(i.IIC_Ack)
    IIC_Init                                 0x08001361   Thumb Code    50  i2c.o(i.IIC_Init)
    IIC_NAck                                 0x08001399   Thumb Code    78  i2c.o(i.IIC_NAck)
    IIC_Read_Byte                            0x080013ed   Thumb Code   108  i2c.o(i.IIC_Read_Byte)
    IIC_Send_Byte                            0x0800145d   Thumb Code   116  i2c.o(i.IIC_Send_Byte)
    IIC_Start                                0x080014d5   Thumb Code    78  i2c.o(i.IIC_Start)
    IIC_Stop                                 0x08001529   Thumb Code    76  i2c.o(i.IIC_Stop)
    IIC_Wait_Ack                             0x08001579   Thumb Code   104  i2c.o(i.IIC_Wait_Ack)
    KEY_Init                                 0x080015e5   Thumb Code    62  key.o(i.KEY_Init)
    Led_Init                                 0x0800162d   Thumb Code    78  led.o(i.Led_Init)
    MemManage_Handler                        0x08001685   Thumb Code     4  stm32f10x_it.o(i.MemManage_Handler)
    NMI_Handler                              0x08001689   Thumb Code     2  stm32f10x_it.o(i.NMI_Handler)
    NVIC_Init                                0x0800168d   Thumb Code   100  misc.o(i.NVIC_Init)
    PendSV_Handler                           0x080016fd   Thumb Code     2  stm32f10x_it.o(i.PendSV_Handler)
    Pwm_Init                                 0x080016ff   Thumb Code    12  pwm.o(i.Pwm_Init)
    RCC_ADCCLKConfig                         0x0800170d   Thumb Code    18  stm32f10x_rcc.o(i.RCC_ADCCLKConfig)
    RCC_AHBPeriphClockCmd                    0x08001725   Thumb Code    26  stm32f10x_rcc.o(i.RCC_AHBPeriphClockCmd)
    RCC_APB1PeriphClockCmd                   0x08001745   Thumb Code    26  stm32f10x_rcc.o(i.RCC_APB1PeriphClockCmd)
    RCC_APB1PeriphResetCmd                   0x08001765   Thumb Code    26  stm32f10x_rcc.o(i.RCC_APB1PeriphResetCmd)
    RCC_APB2PeriphClockCmd                   0x08001785   Thumb Code    26  stm32f10x_rcc.o(i.RCC_APB2PeriphClockCmd)
    RCC_APB2PeriphResetCmd                   0x080017a5   Thumb Code    26  stm32f10x_rcc.o(i.RCC_APB2PeriphResetCmd)
    RCC_GetClocksFreq                        0x080017c5   Thumb Code   192  stm32f10x_rcc.o(i.RCC_GetClocksFreq)
    ResetDS18B20                             0x08001899   Thumb Code    80  ds18b20.o(i.ResetDS18B20)
    SPI2_Init                                0x080018ed   Thumb Code   140  spi.o(i.SPI2_Init)
    SPI2_ReadWriteByte                       0x08001981   Thumb Code    78  spi.o(i.SPI2_ReadWriteByte)
    SPI2_SetSpeed                            0x080019d5   Thumb Code    36  spi.o(i.SPI2_SetSpeed)
    SPI_Cmd                                  0x080019fd   Thumb Code    24  stm32f10x_spi.o(i.SPI_Cmd)
    SPI_FLASH_Write_Enable                   0x08001a15   Thumb Code    30  flash.o(i.SPI_FLASH_Write_Enable)
    SPI_Flash_Erase_Sector                   0x08001a39   Thumb Code    68  flash.o(i.SPI_Flash_Erase_Sector)
    SPI_Flash_Init                           0x08001a81   Thumb Code   114  flash.o(i.SPI_Flash_Init)
    SPI_Flash_Read                           0x08001b05   Thumb Code    82  flash.o(i.SPI_Flash_Read)
    SPI_Flash_ReadID                         0x08001b5d   Thumb Code    70  flash.o(i.SPI_Flash_ReadID)
    SPI_Flash_ReadSR                         0x08001ba9   Thumb Code    42  flash.o(i.SPI_Flash_ReadSR)
    SPI_Flash_Wait_Busy                      0x08001bd9   Thumb Code    18  flash.o(i.SPI_Flash_Wait_Busy)
    SPI_Flash_Write                          0x08001bed   Thumb Code   176  flash.o(i.SPI_Flash_Write)
    SPI_Flash_Write_NoCheck                  0x08001ca1   Thumb Code    70  flash.o(i.SPI_Flash_Write_NoCheck)
    SPI_Flash_Write_Page                     0x08001ce9   Thumb Code    88  flash.o(i.SPI_Flash_Write_Page)
    SPI_I2S_GetFlagStatus                    0x08001d45   Thumb Code    18  stm32f10x_spi.o(i.SPI_I2S_GetFlagStatus)
    SPI_I2S_ReceiveData                      0x08001d57   Thumb Code     6  stm32f10x_spi.o(i.SPI_I2S_ReceiveData)
    SPI_I2S_SendData                         0x08001d5d   Thumb Code     4  stm32f10x_spi.o(i.SPI_I2S_SendData)
    SPI_Init                                 0x08001d61   Thumb Code    60  stm32f10x_spi.o(i.SPI_Init)
    SVC_Handler                              0x08001d9d   Thumb Code     2  stm32f10x_it.o(i.SVC_Handler)
    Soil_Moisture_Init                       0x08001e89   Thumb Code     8  soil.o(i.Soil_Moisture_Init)
    Soil_Moisture_Read                       0x08001e91   Thumb Code    90  soil.o(i.Soil_Moisture_Read)
    SysTick_Handler                          0x08001ef1   Thumb Code     8  stm32f10x_it.o(i.SysTick_Handler)
    SysTick_Init                             0x08001ef9   Thumb Code   104  delay.o(i.SysTick_Init)
    SystemInit                               0x08001f71   Thumb Code    78  system_stm32f10x.o(i.SystemInit)
    TIM3_Config                              0x08001fd1   Thumb Code   214  pwm.o(i.TIM3_Config)
    TIM_ARRPreloadConfig                     0x080020bd   Thumb Code    24  stm32f10x_tim.o(i.TIM_ARRPreloadConfig)
    TIM_Cmd                                  0x080020d5   Thumb Code    24  stm32f10x_tim.o(i.TIM_Cmd)
    TIM_OC1Init                              0x080020ed   Thumb Code   132  stm32f10x_tim.o(i.TIM_OC1Init)
    TIM_OC1PreloadConfig                     0x08002185   Thumb Code    18  stm32f10x_tim.o(i.TIM_OC1PreloadConfig)
    TIM_OC2Init                              0x08002199   Thumb Code   154  stm32f10x_tim.o(i.TIM_OC2Init)
    TIM_OC2PreloadConfig                     0x0800223d   Thumb Code    26  stm32f10x_tim.o(i.TIM_OC2PreloadConfig)
    TIM_OC3Init                              0x08002259   Thumb Code   150  stm32f10x_tim.o(i.TIM_OC3Init)
    TIM_OC3PreloadConfig                     0x080022f9   Thumb Code    18  stm32f10x_tim.o(i.TIM_OC3PreloadConfig)
    TIM_OC4Init                              0x0800230d   Thumb Code   114  stm32f10x_tim.o(i.TIM_OC4Init)
    TIM_OC4PreloadConfig                     0x08002389   Thumb Code    26  stm32f10x_tim.o(i.TIM_OC4PreloadConfig)
    TIM_SetCompare2                          0x080023a3   Thumb Code     4  stm32f10x_tim.o(i.TIM_SetCompare2)
    TIM_SetCompare4                          0x080023a7   Thumb Code     6  stm32f10x_tim.o(i.TIM_SetCompare4)
    TIM_TimeBaseInit                         0x080023ad   Thumb Code   122  stm32f10x_tim.o(i.TIM_TimeBaseInit)
    TimingDelay_Decrement                    0x08002451   Thumb Code    18  delay.o(i.TimingDelay_Decrement)
    USART1_IRQHandler                        0x08002469   Thumb Code    64  uart.o(i.USART1_IRQHandler)
    USART1_Puts                              0x080024c5   Thumb Code    38  uart.o(i.USART1_Puts)
    USART2_IRQHandler                        0x080024f1   Thumb Code   160  uart.o(i.USART2_IRQHandler)
    USART2_Puts                              0x080025a9   Thumb Code    38  uart.o(i.USART2_Puts)
    USART3_IRQHandler                        0x080025d5   Thumb Code   160  uart.o(i.USART3_IRQHandler)
    USART3_PutData                           0x0800268d   Thumb Code    44  uart.o(i.USART3_PutData)
    USART3_Puts                              0x080026bd   Thumb Code    38  uart.o(i.USART3_Puts)
    USART_ClearFlag                          0x080026e9   Thumb Code    18  stm32f10x_usart.o(i.USART_ClearFlag)
    USART_ClearITPendingBit                  0x080026fb   Thumb Code    30  stm32f10x_usart.o(i.USART_ClearITPendingBit)
    USART_Cmd                                0x08002719   Thumb Code    24  stm32f10x_usart.o(i.USART_Cmd)
    USART_DeInit                             0x08002731   Thumb Code   134  stm32f10x_usart.o(i.USART_DeInit)
    USART_GetFlagStatus                      0x080027cd   Thumb Code    26  stm32f10x_usart.o(i.USART_GetFlagStatus)
    USART_GetITStatus                        0x080027e7   Thumb Code    84  stm32f10x_usart.o(i.USART_GetITStatus)
    USART_ITConfig                           0x0800283b   Thumb Code    74  stm32f10x_usart.o(i.USART_ITConfig)
    USART_Init                               0x08002885   Thumb Code   210  stm32f10x_usart.o(i.USART_Init)
    USART_ReceiveData                        0x0800295d   Thumb Code    10  stm32f10x_usart.o(i.USART_ReceiveData)
    USART_SendData                           0x08002967   Thumb Code     8  stm32f10x_usart.o(i.USART_SendData)
    Uart1_Init                               0x08002971   Thumb Code   160  uart.o(i.Uart1_Init)
    Uart2_Init                               0x08002a19   Thumb Code   162  uart.o(i.Uart2_Init)
    Uart3_Init                               0x08002ac5   Thumb Code   168  uart.o(i.Uart3_Init)
    UsageFault_Handler                       0x08002b75   Thumb Code     4  stm32f10x_it.o(i.UsageFault_Handler)
    __0printf$2                              0x08002b79   Thumb Code    22  printf2.o(i.__0printf$2)
    __1printf$2                              0x08002b79   Thumb Code     0  printf2.o(i.__0printf$2)
    __2printf                                0x08002b79   Thumb Code     0  printf2.o(i.__0printf$2)
    __scatterload_copy                       0x08002b99   Thumb Code    14  handlers.o(i.__scatterload_copy)
    __scatterload_null                       0x08002ba7   Thumb Code     2  handlers.o(i.__scatterload_null)
    __scatterload_zeroinit                   0x08002ba9   Thumb Code    14  handlers.o(i.__scatterload_zeroinit)
    fputc                                    0x08002c8d   Thumb Code    32  uart.o(i.fputc)
    main                                     0x08002cb1   Thumb Code   756  main.o(i.main)
    Region$$Table$$Base                      0x08003058   Number         0  anon$$obj.o(Region$$Table)
    Region$$Table$$Limit                     0x08003078   Number         0  anon$$obj.o(Region$$Table)
    Uart1Front                               0x20000000   Data           1  uart.o(.data)
    Uart1Rear                                0x20000001   Data           1  uart.o(.data)
    Uart1Cnt                                 0x20000002   Data           1  uart.o(.data)
    Uart1Sta                                 0x20000003   Data           1  uart.o(.data)
    Uart2Front                               0x20000004   Data           1  uart.o(.data)
    Uart2Rear                                0x20000005   Data           1  uart.o(.data)
    Uart2Cnt                                 0x20000006   Data           1  uart.o(.data)
    Uart2Sta                                 0x20000007   Data           1  uart.o(.data)
    Uart3Front                               0x20000008   Data           1  uart.o(.data)
    Uart3Rear                                0x20000009   Data           1  uart.o(.data)
    Uart3Cnt                                 0x2000000a   Data           1  uart.o(.data)
    Uart3Sta                                 0x2000000b   Data           1  uart.o(.data)
    SPI_FLASH_TYPE                           0x20000010   Data           2  flash.o(.data)
    ADC_ConvertedValue                       0x20000012   Data           6  adc.o(.data)
    Kmode0                                   0x20000018   Data           9  co2.o(.data)
    Kmode1                                   0x20000021   Data           9  co2.o(.data)
    Kmode2                                   0x2000002a   Data           9  co2.o(.data)
    MGetCo2Data                              0x20000033   Data           9  co2.o(.data)
    ZToZeroCo2                               0x2000003c   Data           7  co2.o(.data)
    ReadCmd                                  0x20000043   Data           3  co2.o(.data)
    CCR1                                     0x20000046   Data           2  pwm.o(.data)
    CCR2                                     0x20000048   Data           2  pwm.o(.data)
    CCR3                                     0x2000004a   Data           2  pwm.o(.data)
    CCR4                                     0x2000004c   Data           2  pwm.o(.data)
    SystemCoreClock                          0x20000064   Data           4  system_stm32f10x.o(.data)
    AHBPrescTable                            0x20000068   Data          16  system_stm32f10x.o(.data)
    __stdout                                 0x20000078   Data           4  stdout.o(.data)
    Uart1Buffer                              0x2000007c   Data         256  uart.o(.bss)
    Uart1Buff                                0x2000017c   Data          64  uart.o(.bss)
    Uart2Buffer                              0x200001bc   Data         256  uart.o(.bss)
    Uart2Buff                                0x200002bc   Data          64  uart.o(.bss)
    Uart3Buffer                              0x200002fc   Data         256  uart.o(.bss)
    Uart3Buff                                0x200003fc   Data          64  uart.o(.bss)
    SPI_FLASH_BUF                            0x2000043c   Data        4096  flash.o(.bss)
    __initial_sp                             0x20001840   Data           0  startup_stm32f10x_md.o(STACK)



==============================================================================

Memory Map of the image

  Image Entry point : 0x080000ed

  Load Region LR_IROM1 (Base: 0x08000000, Size: 0x000030f4, Max: 0x00020000, ABSOLUTE)

    Execution Region ER_IROM1 (Base: 0x08000000, Size: 0x00003078, Max: 0x00020000, ABSOLUTE)

    Base Addr    Size         Type   Attr      Idx    E Section Name        Object

    0x08000000   0x000000ec   Data   RO         1899    RESET               startup_stm32f10x_md.o
    0x080000ec   0x00000000   Code   RO         2894  * .ARM.Collect$$$$00000000  mc_w.l(entry.o)
    0x080000ec   0x00000004   Code   RO         3186    .ARM.Collect$$$$00000001  mc_w.l(entry2.o)
    0x080000f0   0x00000004   Code   RO         3189    .ARM.Collect$$$$00000004  mc_w.l(entry5.o)
    0x080000f4   0x00000000   Code   RO         3191    .ARM.Collect$$$$00000008  mc_w.l(entry7b.o)
    0x080000f4   0x00000000   Code   RO         3193    .ARM.Collect$$$$0000000A  mc_w.l(entry8b.o)
    0x080000f4   0x00000008   Code   RO         3194    .ARM.Collect$$$$0000000B  mc_w.l(entry9a.o)
    0x080000fc   0x00000000   Code   RO         3196    .ARM.Collect$$$$0000000D  mc_w.l(entry10a.o)
    0x080000fc   0x00000000   Code   RO         3198    .ARM.Collect$$$$0000000F  mc_w.l(entry11a.o)
    0x080000fc   0x00000004   Code   RO         3187    .ARM.Collect$$$$00002712  mc_w.l(entry2.o)
    0x08000100   0x00000024   Code   RO         1900    .text               startup_stm32f10x_md.o
    0x08000124   0x00000024   Code   RO         2897    .text               mc_w.l(memcpya.o)
    0x08000148   0x00000024   Code   RO         2899    .text               mc_w.l(memseta.o)
    0x0800016c   0x000000b0   Code   RO         3164    .text               mf_w.l(fadd.o)
    0x0800021c   0x00000064   Code   RO         3166    .text               mf_w.l(fmul.o)
    0x08000280   0x0000007c   Code   RO         3168    .text               mf_w.l(fdiv.o)
    0x080002fc   0x000000e4   Code   RO         3170    .text               mf_w.l(dmul.o)
    0x080003e0   0x000000de   Code   RO         3172    .text               mf_w.l(ddiv.o)
    0x080004be   0x00000012   Code   RO         3174    .text               mf_w.l(fflti.o)
    0x080004d0   0x0000000a   Code   RO         3176    .text               mf_w.l(ffltui.o)
    0x080004da   0x0000001a   Code   RO         3178    .text               mf_w.l(dfltui.o)
    0x080004f4   0x00000032   Code   RO         3180    .text               mf_w.l(ffixi.o)
    0x08000526   0x00000026   Code   RO         3182    .text               mf_w.l(f2d.o)
    0x0800054c   0x00000038   Code   RO         3184    .text               mf_w.l(d2f.o)
    0x08000584   0x00000000   Code   RO         3205    .text               mc_w.l(iusefp.o)
    0x08000584   0x0000006e   Code   RO         3206    .text               mf_w.l(fepilogue.o)
    0x080005f2   0x000000ba   Code   RO         3208    .text               mf_w.l(depilogue.o)
    0x080006ac   0x00000024   Code   RO         3216    .text               mc_w.l(init.o)
    0x080006d0   0x0000001e   Code   RO         3218    .text               mc_w.l(llshl.o)
    0x080006ee   0x00000020   Code   RO         3220    .text               mc_w.l(llushr.o)
    0x0800070e   0x00000002   PAD
    0x08000710   0x00000030   Code   RO          712    i.ADC1_GPIO_Config  adc.o
    0x08000740   0x0000000c   Code   RO          713    i.ADC1_Init         adc.o
    0x0800074c   0x000000fc   Code   RO          714    i.ADC1_Mode_Config  adc.o
    0x08000848   0x00000016   Code   RO         2669    i.ADC_Cmd           stm32f10x_adc.o
    0x0800085e   0x00000016   Code   RO         2670    i.ADC_DMACmd        stm32f10x_adc.o
    0x08000874   0x00000014   Code   RO         2677    i.ADC_GetCalibrationStatus  stm32f10x_adc.o
    0x08000888   0x00000014   Code   RO         2683    i.ADC_GetResetCalibrationStatus  stm32f10x_adc.o
    0x0800089c   0x00000050   Code   RO         2687    i.ADC_Init          stm32f10x_adc.o
    0x080008ec   0x000000b8   Code   RO         2691    i.ADC_RegularChannelConfig  stm32f10x_adc.o
    0x080009a4   0x0000000a   Code   RO         2692    i.ADC_ResetCalibration  stm32f10x_adc.o
    0x080009ae   0x00000016   Code   RO         2694    i.ADC_SoftwareStartConvCmd  stm32f10x_adc.o
    0x080009c4   0x0000000a   Code   RO         2696    i.ADC_StartCalibration  stm32f10x_adc.o
    0x080009ce   0x00000030   Code   RO          818    i.BH1750_Send       bh1750.o
    0x080009fe   0x00000016   Code   RO          819    i.BH1750_Start      bh1750.o
    0x08000a14   0x00000004   Code   RO          320    i.BusFault_Handler  stm32f10x_it.o
    0x08000a18   0x00000024   Code   RO          896    i.Co2_Init          co2.o
    0x08000a3c   0x000000b8   Code   RO          897    i.Co2_Read          co2.o
    0x08000af4   0x00000058   Code   RO          574    i.DHT11_Check       dht11.o
    0x08000b4c   0x0000001c   Code   RO          575    i.DHT11_IO_IN       dht11.o
    0x08000b68   0x0000002c   Code   RO          576    i.DHT11_IO_OUT      dht11.o
    0x08000b94   0x0000000c   Code   RO          577    i.DHT11_Init        dht11.o
    0x08000ba0   0x00000058   Code   RO          578    i.DHT11_Read_Bit    dht11.o
    0x08000bf8   0x0000001e   Code   RO          579    i.DHT11_Read_Byte   dht11.o
    0x08000c16   0x00000058   Code   RO          580    i.DHT11_Read_Data   dht11.o
    0x08000c6e   0x00000002   PAD
    0x08000c70   0x0000002c   Code   RO          581    i.DHT11_Rst         dht11.o
    0x08000c9c   0x00000002   Code   RO         1702    i.DMA1_Channel1_Event  dma_stm32f10x.o
    0x08000c9e   0x00000002   PAD
    0x08000ca0   0x0000001c   Code   RO         1703    i.DMA1_Channel1_IRQHandler  dma_stm32f10x.o
    0x08000cbc   0x00000002   Code   RO         1704    i.DMA1_Channel2_Event  dma_stm32f10x.o
    0x08000cbe   0x00000002   PAD
    0x08000cc0   0x0000001c   Code   RO         1705    i.DMA1_Channel2_IRQHandler  dma_stm32f10x.o
    0x08000cdc   0x00000002   Code   RO         1706    i.DMA1_Channel3_Event  dma_stm32f10x.o
    0x08000cde   0x00000002   PAD
    0x08000ce0   0x0000001c   Code   RO         1707    i.DMA1_Channel3_IRQHandler  dma_stm32f10x.o
    0x08000cfc   0x00000002   Code   RO         1708    i.DMA1_Channel4_Event  dma_stm32f10x.o
    0x08000cfe   0x00000002   PAD
    0x08000d00   0x0000001c   Code   RO         1709    i.DMA1_Channel4_IRQHandler  dma_stm32f10x.o
    0x08000d1c   0x00000002   Code   RO         1710    i.DMA1_Channel5_Event  dma_stm32f10x.o
    0x08000d1e   0x00000002   PAD
    0x08000d20   0x0000001c   Code   RO         1711    i.DMA1_Channel5_IRQHandler  dma_stm32f10x.o
    0x08000d3c   0x00000002   Code   RO         1712    i.DMA1_Channel6_Event  dma_stm32f10x.o
    0x08000d3e   0x00000002   PAD
    0x08000d40   0x0000001c   Code   RO         1713    i.DMA1_Channel6_IRQHandler  dma_stm32f10x.o
    0x08000d5c   0x00000002   Code   RO         1714    i.DMA1_Channel7_Event  dma_stm32f10x.o
    0x08000d5e   0x00000002   PAD
    0x08000d60   0x0000001c   Code   RO         1715    i.DMA1_Channel7_IRQHandler  dma_stm32f10x.o
    0x08000d7c   0x00000018   Code   RO         2581    i.DMA_Cmd           stm32f10x_dma.o
    0x08000d94   0x0000014c   Code   RO         2582    i.DMA_DeInit        stm32f10x_dma.o
    0x08000ee0   0x0000003c   Code   RO         2587    i.DMA_Init          stm32f10x_dma.o
    0x08000f1c   0x00000050   Code   RO          640    i.DS18B20Init       ds18b20.o
    0x08000f6c   0x00000064   Code   RO          641    i.DS18B20ReadByte   ds18b20.o
    0x08000fd0   0x00000014   Code   RO          642    i.DS18B20StartConvert  ds18b20.o
    0x08000fe4   0x00000054   Code   RO          643    i.DS18B20WriteByte  ds18b20.o
    0x08001038   0x0000002c   Code   RO          644    i.DS18B20_Configuration  ds18b20.o
    0x08001064   0x00000016   Code   RO          645    i.DS18B20_Init      ds18b20.o
    0x0800107a   0x00000002   PAD
    0x0800107c   0x0000005c   Code   RO          646    i.DS18B20_Read      ds18b20.o
    0x080010d8   0x00000002   Code   RO          321    i.DebugMon_Handler  stm32f10x_it.o
    0x080010da   0x00000002   PAD
    0x080010dc   0x00000028   Code   RO          278    i.Delay_us          delay.o
    0x08001104   0x00000050   Code   RO          929    i.GPIO_Config       pwm.o
    0x08001154   0x00000116   Code   RO         1022    i.GPIO_Init         stm32f10x_gpio.o
    0x0800126a   0x00000012   Code   RO         1026    i.GPIO_ReadInputDataBit  stm32f10x_gpio.o
    0x0800127c   0x00000004   Code   RO         1029    i.GPIO_ResetBits    stm32f10x_gpio.o
    0x08001280   0x00000004   Code   RO         1030    i.GPIO_SetBits      stm32f10x_gpio.o
    0x08001284   0x00000008   Code   RO          820    i.HB1750_Init       bh1750.o
    0x0800128c   0x00000042   Code   RO          821    i.HB1750_Read       bh1750.o
    0x080012ce   0x00000002   PAD
    0x080012d0   0x00000038   Code   RO          822    i.HB1750_Read_Data  bh1750.o
    0x08001308   0x00000004   Code   RO          322    i.HardFault_Handler  stm32f10x_it.o
    0x0800130c   0x00000054   Code   RO          752    i.IIC_Ack           i2c.o
    0x08001360   0x00000038   Code   RO          753    i.IIC_Init          i2c.o
    0x08001398   0x00000054   Code   RO          754    i.IIC_NAck          i2c.o
    0x080013ec   0x00000070   Code   RO          755    i.IIC_Read_Byte     i2c.o
    0x0800145c   0x00000078   Code   RO          756    i.IIC_Send_Byte     i2c.o
    0x080014d4   0x00000054   Code   RO          757    i.IIC_Start         i2c.o
    0x08001528   0x00000050   Code   RO          758    i.IIC_Stop          i2c.o
    0x08001578   0x0000006c   Code   RO          759    i.IIC_Wait_Ack      i2c.o
    0x080015e4   0x00000048   Code   RO          392    i.KEY_Init          key.o
    0x0800162c   0x00000058   Code   RO          145    i.Led_Init          led.o
    0x08001684   0x00000004   Code   RO          323    i.MemManage_Handler  stm32f10x_it.o
    0x08001688   0x00000002   Code   RO          324    i.NMI_Handler       stm32f10x_it.o
    0x0800168a   0x00000002   PAD
    0x0800168c   0x00000070   Code   RO          968    i.NVIC_Init         misc.o
    0x080016fc   0x00000002   Code   RO          325    i.PendSV_Handler    stm32f10x_it.o
    0x080016fe   0x0000000c   Code   RO          930    i.Pwm_Init          pwm.o
    0x0800170a   0x00000002   PAD
    0x0800170c   0x00000018   Code   RO         1142    i.RCC_ADCCLKConfig  stm32f10x_rcc.o
    0x08001724   0x00000020   Code   RO         1143    i.RCC_AHBPeriphClockCmd  stm32f10x_rcc.o
    0x08001744   0x00000020   Code   RO         1144    i.RCC_APB1PeriphClockCmd  stm32f10x_rcc.o
    0x08001764   0x00000020   Code   RO         1145    i.RCC_APB1PeriphResetCmd  stm32f10x_rcc.o
    0x08001784   0x00000020   Code   RO         1146    i.RCC_APB2PeriphClockCmd  stm32f10x_rcc.o
    0x080017a4   0x00000020   Code   RO         1147    i.RCC_APB2PeriphResetCmd  stm32f10x_rcc.o
    0x080017c4   0x000000d4   Code   RO         1154    i.RCC_GetClocksFreq  stm32f10x_rcc.o
    0x08001898   0x00000054   Code   RO          648    i.ResetDS18B20      ds18b20.o
    0x080018ec   0x00000094   Code   RO          538    i.SPI2_Init         spi.o
    0x08001980   0x00000054   Code   RO          539    i.SPI2_ReadWriteByte  spi.o
    0x080019d4   0x00000028   Code   RO          540    i.SPI2_SetSpeed     spi.o
    0x080019fc   0x00000018   Code   RO         1359    i.SPI_Cmd           stm32f10x_spi.o
    0x08001a14   0x00000024   Code   RO          424    i.SPI_FLASH_Write_Enable  flash.o
    0x08001a38   0x00000048   Code   RO          427    i.SPI_Flash_Erase_Sector  flash.o
    0x08001a80   0x00000084   Code   RO          428    i.SPI_Flash_Init    flash.o
    0x08001b04   0x00000058   Code   RO          430    i.SPI_Flash_Read    flash.o
    0x08001b5c   0x0000004c   Code   RO          431    i.SPI_Flash_ReadID  flash.o
    0x08001ba8   0x00000030   Code   RO          432    i.SPI_Flash_ReadSR  flash.o
    0x08001bd8   0x00000012   Code   RO          434    i.SPI_Flash_Wait_Busy  flash.o
    0x08001bea   0x00000002   PAD
    0x08001bec   0x000000b4   Code   RO          435    i.SPI_Flash_Write   flash.o
    0x08001ca0   0x00000046   Code   RO          436    i.SPI_Flash_Write_NoCheck  flash.o
    0x08001ce6   0x00000002   PAD
    0x08001ce8   0x0000005c   Code   RO          437    i.SPI_Flash_Write_Page  flash.o
    0x08001d44   0x00000012   Code   RO         1367    i.SPI_I2S_GetFlagStatus  stm32f10x_spi.o
    0x08001d56   0x00000006   Code   RO         1370    i.SPI_I2S_ReceiveData  stm32f10x_spi.o
    0x08001d5c   0x00000004   Code   RO         1371    i.SPI_I2S_SendData  stm32f10x_spi.o
    0x08001d60   0x0000003c   Code   RO         1372    i.SPI_Init          stm32f10x_spi.o
    0x08001d9c   0x00000002   Code   RO          326    i.SVC_Handler       stm32f10x_it.o
    0x08001d9e   0x00000008   Code   RO         1907    i.SetSysClock       system_stm32f10x.o
    0x08001da6   0x00000002   PAD
    0x08001da8   0x000000e0   Code   RO         1908    i.SetSysClockTo72   system_stm32f10x.o
    0x08001e88   0x00000008   Code   RO          866    i.Soil_Moisture_Init  soil.o
    0x08001e90   0x00000060   Code   RO          867    i.Soil_Moisture_Read  soil.o
    0x08001ef0   0x00000008   Code   RO          327    i.SysTick_Handler   stm32f10x_it.o
    0x08001ef8   0x00000078   Code   RO          279    i.SysTick_Init      delay.o
    0x08001f70   0x00000060   Code   RO         1910    i.SystemInit        system_stm32f10x.o
    0x08001fd0   0x000000ec   Code   RO          931    i.TIM3_Config       pwm.o
    0x080020bc   0x00000018   Code   RO         2023    i.TIM_ARRPreloadConfig  stm32f10x_tim.o
    0x080020d4   0x00000018   Code   RO         2035    i.TIM_Cmd           stm32f10x_tim.o
    0x080020ec   0x00000098   Code   RO         2064    i.TIM_OC1Init       stm32f10x_tim.o
    0x08002184   0x00000012   Code   RO         2067    i.TIM_OC1PreloadConfig  stm32f10x_tim.o
    0x08002196   0x00000002   PAD
    0x08002198   0x000000a4   Code   RO         2069    i.TIM_OC2Init       stm32f10x_tim.o
    0x0800223c   0x0000001a   Code   RO         2072    i.TIM_OC2PreloadConfig  stm32f10x_tim.o
    0x08002256   0x00000002   PAD
    0x08002258   0x000000a0   Code   RO         2074    i.TIM_OC3Init       stm32f10x_tim.o
    0x080022f8   0x00000012   Code   RO         2077    i.TIM_OC3PreloadConfig  stm32f10x_tim.o
    0x0800230a   0x00000002   PAD
    0x0800230c   0x0000007c   Code   RO         2079    i.TIM_OC4Init       stm32f10x_tim.o
    0x08002388   0x0000001a   Code   RO         2081    i.TIM_OC4PreloadConfig  stm32f10x_tim.o
    0x080023a2   0x00000004   Code   RO         2097    i.TIM_SetCompare2   stm32f10x_tim.o
    0x080023a6   0x00000006   Code   RO         2099    i.TIM_SetCompare4   stm32f10x_tim.o
    0x080023ac   0x000000a4   Code   RO         2106    i.TIM_TimeBaseInit  stm32f10x_tim.o
    0x08002450   0x00000018   Code   RO          280    i.TimingDelay_Decrement  delay.o
    0x08002468   0x0000005c   Code   RO          169    i.USART1_IRQHandler  uart.o
    0x080024c4   0x0000002c   Code   RO          171    i.USART1_Puts       uart.o
    0x080024f0   0x000000b8   Code   RO          172    i.USART2_IRQHandler  uart.o
    0x080025a8   0x0000002c   Code   RO          174    i.USART2_Puts       uart.o
    0x080025d4   0x000000b8   Code   RO          175    i.USART3_IRQHandler  uart.o
    0x0800268c   0x00000030   Code   RO          176    i.USART3_PutData    uart.o
    0x080026bc   0x0000002c   Code   RO          178    i.USART3_Puts       uart.o
    0x080026e8   0x00000012   Code   RO         1510    i.USART_ClearFlag   stm32f10x_usart.o
    0x080026fa   0x0000001e   Code   RO         1511    i.USART_ClearITPendingBit  stm32f10x_usart.o
    0x08002718   0x00000018   Code   RO         1514    i.USART_Cmd         stm32f10x_usart.o
    0x08002730   0x0000009c   Code   RO         1516    i.USART_DeInit      stm32f10x_usart.o
    0x080027cc   0x0000001a   Code   RO         1517    i.USART_GetFlagStatus  stm32f10x_usart.o
    0x080027e6   0x00000054   Code   RO         1518    i.USART_GetITStatus  stm32f10x_usart.o
    0x0800283a   0x0000004a   Code   RO         1520    i.USART_ITConfig    stm32f10x_usart.o
    0x08002884   0x000000d8   Code   RO         1521    i.USART_Init        stm32f10x_usart.o
    0x0800295c   0x0000000a   Code   RO         1528    i.USART_ReceiveData  stm32f10x_usart.o
    0x08002966   0x00000008   Code   RO         1531    i.USART_SendData    stm32f10x_usart.o
    0x0800296e   0x00000002   PAD
    0x08002970   0x000000a8   Code   RO          179    i.Uart1_Init        uart.o
    0x08002a18   0x000000ac   Code   RO          180    i.Uart2_Init        uart.o
    0x08002ac4   0x000000b0   Code   RO          181    i.Uart3_Init        uart.o
    0x08002b74   0x00000004   Code   RO          328    i.UsageFault_Handler  stm32f10x_it.o
    0x08002b78   0x00000020   Code   RO         2970    i.__0printf$2       mc_w.l(printf2.o)
    0x08002b98   0x0000000e   Code   RO         3226    i.__scatterload_copy  mc_w.l(handlers.o)
    0x08002ba6   0x00000002   Code   RO         3227    i.__scatterload_null  mc_w.l(handlers.o)
    0x08002ba8   0x0000000e   Code   RO         3228    i.__scatterload_zeroinit  mc_w.l(handlers.o)
    0x08002bb6   0x000000d6   Code   RO         2977    i._printf_core      mc_w.l(printf2.o)
    0x08002c8c   0x00000024   Code   RO          182    i.fputc             uart.o
    0x08002cb0   0x000003a8   Code   RO            4    i.main              main.o
    0x08003058   0x00000020   Data   RO         3224    Region$$Table       anon$$obj.o


    Execution Region RW_IRAM1 (Base: 0x20000000, Size: 0x00001840, Max: 0x00005000, ABSOLUTE)

    Base Addr    Size         Type   Attr      Idx    E Section Name        Object

    0x20000000   0x0000000c   Data   RW          184    .data               uart.o
    0x2000000c   0x00000004   Data   RW          281    .data               delay.o
    0x20000010   0x00000002   Data   RW          439    .data               flash.o
    0x20000012   0x00000006   Data   RW          715    .data               adc.o
    0x20000018   0x0000002e   Data   RW          898    .data               co2.o
    0x20000046   0x00000008   Data   RW          932    .data               pwm.o
    0x2000004e   0x00000014   Data   RW         1174    .data               stm32f10x_rcc.o
    0x20000062   0x00000002   PAD
    0x20000064   0x00000014   Data   RW         1911    .data               system_stm32f10x.o
    0x20000078   0x00000004   Data   RW         3200    .data               mc_w.l(stdout.o)
    0x2000007c   0x000003c0   Zero   RW          183    .bss                uart.o
    0x2000043c   0x00001000   Zero   RW          438    .bss                flash.o
    0x2000143c   0x00000004   PAD
    0x20001440   0x00000400   Zero   RW         1897    STACK               startup_stm32f10x_md.o


==============================================================================

Image component sizes


      Code (inc. data)   RO Data    RW Data    ZI Data      Debug   Object Name

       312         20          0          6          0       1749   adc.o
       200         10          0          0          0       2100   bh1750.o
       220         44          0         46          0       1404   co2.o
       184         26          0          4          0      24177   delay.o
       422         24          0          0          0       3969   dht11.o
       210         30          0          0          0       7119   dma_stm32f10x.o
       526         32          0          0          0       3862   ds18b20.o
       812         54          0          2       4096       5754   flash.o
       728         40          0          0          0       3590   i2c.o
        72         10          0          0          0        419   key.o
        88         10          0          0          0        423   led.o
       936        180          0          0          0     281607   main.o
       112         12          0          0          0       1120   misc.o
       328         30          0          8          0       1609   pwm.o
       104          6          0          0          0        846   soil.o
       272         18          0          0          0       1549   spi.o
        36          8        236          0       1024        768   startup_stm32f10x_md.o
       390         10          0          0          0       7697   stm32f10x_adc.o
       416          8          0          0          0       3570   stm32f10x_dma.o
       304          0          0          0          0       3824   stm32f10x_gpio.o
        32          0          0          0          0       3342   stm32f10x_it.o
       396         56          0         20          0       6923   stm32f10x_rcc.o
       112          0          0          0          0       4030   stm32f10x_spi.o
       910         92          0          0          0       8984   stm32f10x_tim.o
       646         28          0          0          0       8280   stm32f10x_usart.o
       328         28          0         20          0       2045   system_stm32f10x.o
      1192        128          0         12        960       6571   uart.o

    ----------------------------------------------------------------------
     10328        904        268        120       6084     397331   Object Totals
         0          0         32          0          0          0   (incl. Generated)
        40          0          0          2          4          0   (incl. Padding)

    ----------------------------------------------------------------------

      Code (inc. data)   RO Data    RW Data    ZI Data      Debug   Library Member Name

         0          0          0          0          0          0   entry.o
         0          0          0          0          0          0   entry10a.o
         0          0          0          0          0          0   entry11a.o
         8          4          0          0          0          0   entry2.o
         4          0          0          0          0          0   entry5.o
         0          0          0          0          0          0   entry7b.o
         0          0          0          0          0          0   entry8b.o
         8          4          0          0          0          0   entry9a.o
        30          0          0          0          0          0   handlers.o
        36          8          0          0          0         68   init.o
         0          0          0          0          0          0   iusefp.o
        30          0          0          0          0         68   llshl.o
        32          0          0          0          0         68   llushr.o
        36          0          0          0          0         68   memcpya.o
        36          0          0          0          0        108   memseta.o
       246         10          0          0          0        176   printf2.o
         0          0          0          4          0          0   stdout.o
        56          0          0          0          0         88   d2f.o
       222          0          0          0          0        100   ddiv.o
       186          0          0          0          0        176   depilogue.o
        26          0          0          0          0         76   dfltui.o
       228          0          0          0          0         96   dmul.o
        38          0          0          0          0         68   f2d.o
       176          0          0          0          0        140   fadd.o
       124          0          0          0          0         88   fdiv.o
       110          0          0          0          0        168   fepilogue.o
        50          0          0          0          0         68   ffixi.o
        18          0          0          0          0         68   fflti.o
        10          0          0          0          0         68   ffltui.o
       100          0          0          0          0         76   fmul.o

    ----------------------------------------------------------------------
      1812         26          0          4          0       1836   Library Totals
         2          0          0          0          0          0   (incl. Padding)

    ----------------------------------------------------------------------

      Code (inc. data)   RO Data    RW Data    ZI Data      Debug   Library Name

       466         26          0          4          0        556   mc_w.l
      1344          0          0          0          0       1280   mf_w.l

    ----------------------------------------------------------------------
      1812         26          0          4          0       1836   Library Totals

    ----------------------------------------------------------------------

==============================================================================


      Code (inc. data)   RO Data    RW Data    ZI Data      Debug   

     12140        930        268        124       6084     390999   Grand Totals
     12140        930        268        124       6084     390999   ELF Image Totals
     12140        930        268        124          0          0   ROM Totals

==============================================================================

    Total RO  Size (Code + RO Data)                12408 (  12.12kB)
    Total RW  Size (RW Data + ZI Data)              6208 (   6.06kB)
    Total ROM Size (Code + RO Data + RW Data)      12532 (  12.24kB)

==============================================================================

